[2J[01;01H[=3h[2J[01;01H[2J[01;01H[=3h[2J[01;01H[2J[01;01H[=3h[2J[01;01HBdsDxe: loading Boot0001 "UEFI Misc Device" from PciRoot(0x0)/Pci(0x3,0x0)
BdsDxe: starting Boot0001 "UEFI Misc Device" from PciRoot(0x0)/Pci(0x3,0x0)
[H[J[1;1H[H[J[1;1HEFI stub: Loaded initrd from LINUX_EFI_INITRD_MEDIA_GUID device path
[    0.000000] Linux version 6.12.86+deb13-amd64 (debian-kernel@lists.debian.org) (x86_64-linux-gnu-gcc-14 (Debian 14.2.0-19) 14.2.0, GNU ld (GNU Binutils for Debian) 2.44) #1 SMP PREEMPT_DYNAMIC Debian 6.12.86-1 (2026-05-08)
[    0.000000] Command line: BOOT_IMAGE=/vmlinuz root=/dev/vda2 ro console=tty1 console=ttyS0,115200
[    0.000000] BIOS-provided physical RAM map:
[    0.000000] BIOS-e820: [mem 0x0000000000000000-0x000000000002ffff] usable
[    0.000000] BIOS-e820: [mem 0x0000000000030000-0x000000000004ffff] reserved
[    0.000000] BIOS-e820: [mem 0x0000000000050000-0x000000000009dfff] usable
[    0.000000] BIOS-e820: [mem 0x000000000009e000-0x000000000009ffff] reserved
[    0.000000] BIOS-e820: [mem 0x0000000000100000-0x00000000007fffff] usable
[    0.000000] BIOS-e820: [mem 0x0000000000800000-0x0000000000805fff] ACPI NVS
[    0.000000] BIOS-e820: [mem 0x0000000000806000-0x0000000000806fff] usable
[    0.000000] BIOS-e820: [mem 0x0000000000807000-0x0000000000807fff] ACPI NVS
[    0.000000] BIOS-e820: [mem 0x0000000000808000-0x000000000080afff] usable
[    0.000000] BIOS-e820: [mem 0x000000000080b000-0x000000000080bfff] ACPI NVS
[    0.000000] BIOS-e820: [mem 0x000000000080c000-0x0000000000810fff] usable
[    0.000000] BIOS-e820: [mem 0x0000000000811000-0x0000000001a0ffff] ACPI NVS
[    0.000000] BIOS-e820: [mem 0x0000000001a10000-0x000000007b4ecfff] usable
[    0.000000] BIOS-e820: [mem 0x000000007b4ed000-0x000000007b76cfff] reserved
[    0.000000] BIOS-e820: [mem 0x000000007b76d000-0x000000007b77efff] ACPI data
[    0.000000] BIOS-e820: [mem 0x000000007b77f000-0x000000007b7fefff] ACPI NVS
[    0.000000] BIOS-e820: [mem 0x000000007b7ff000-0x000000007bf10fff] usable
[    0.000000] BIOS-e820: [mem 0x000000007bf11000-0x000000007bf14fff] reserved
[    0.000000] BIOS-e820: [mem 0x000000007bf15000-0x000000007bf16fff] ACPI NVS
[    0.000000] BIOS-e820: [mem 0x000000007bf17000-0x000000007bf5ffff] usable
[    0.000000] BIOS-e820: [mem 0x000000007bf60000-0x000000007bffffff] ACPI NVS
[    0.000000] BIOS-e820: [mem 0x000000007c000000-0x000000007fffffff] reserved
[    0.000000] BIOS-e820: [mem 0x00000000e0000000-0x00000000efffffff] reserved
[    0.000000] BIOS-e820: [mem 0x0000000100000000-0x000000017fffffff] usable
[    0.000000] BIOS-e820: [mem 0x000000fd00000000-0x000000ffffffffff] reserved
[    0.000000] NX (Execute Disable) protection: active
[    0.000000] APIC: Static calls initialized
[    0.000000] extended physical RAM map:
[    0.000000] reserve setup_data: [mem 0x0000000000000000-0x000000000002ffff] usable
[    0.000000] reserve setup_data: [mem 0x0000000000030000-0x000000000004ffff] reserved
[    0.000000] reserve setup_data: [mem 0x0000000000050000-0x000000000009dfff] usable
[    0.000000] reserve setup_data: [mem 0x000000000009e000-0x000000000009ffff] reserved
[    0.000000] reserve setup_data: [mem 0x0000000000100000-0x00000000007fffff] usable
[    0.000000] reserve setup_data: [mem 0x0000000000800000-0x0000000000805fff] ACPI NVS
[    0.000000] reserve setup_data: [mem 0x0000000000806000-0x0000000000806fff] usable
[    0.000000] reserve setup_data: [mem 0x0000000000807000-0x0000000000807fff] ACPI NVS
[    0.000000] reserve setup_data: [mem 0x0000000000808000-0x000000000080afff] usable
[    0.000000] reserve setup_data: [mem 0x000000000080b000-0x000000000080bfff] ACPI NVS
[    0.000000] reserve setup_data: [mem 0x000000000080c000-0x0000000000810fff] usable
[    0.000000] reserve setup_data: [mem 0x0000000000811000-0x0000000001a0ffff] ACPI NVS
[    0.000000] reserve setup_data: [mem 0x0000000001a10000-0x0000000078171017] usable
[    0.000000] reserve setup_data: [mem 0x0000000078171018-0x0000000078197e57] usable
[    0.000000] reserve setup_data: [mem 0x0000000078197e58-0x0000000079d54017] usable
[    0.000000] reserve setup_data: [mem 0x0000000079d54018-0x0000000079d5da57] usable
[    0.000000] reserve setup_data: [mem 0x0000000079d5da58-0x000000007b4ecfff] usable
[    0.000000] reserve setup_data: [mem 0x000000007b4ed000-0x000000007b76cfff] reserved
[    0.000000] reserve setup_data: [mem 0x000000007b76d000-0x000000007b77efff] ACPI data
[    0.000000] reserve setup_data: [mem 0x000000007b77f000-0x000000007b7fefff] ACPI NVS
[    0.000000] reserve setup_data: [mem 0x000000007b7ff000-0x000000007bf10fff] usable
[    0.000000] reserve setup_data: [mem 0x000000007bf11000-0x000000007bf14fff] reserved
[    0.000000] reserve setup_data: [mem 0x000000007bf15000-0x000000007bf16fff] ACPI NVS
[    0.000000] reserve setup_data: [mem 0x000000007bf17000-0x000000007bf5ffff] usable
[    0.000000] reserve setup_data: [mem 0x000000007bf60000-0x000000007bffffff] ACPI NVS
[    0.000000] reserve setup_data: [mem 0x000000007c000000-0x000000007fffffff] reserved
[    0.000000] reserve setup_data: [mem 0x00000000e0000000-0x00000000efffffff] reserved
[    0.000000] reserve setup_data: [mem 0x0000000100000000-0x000000017fffffff] usable
[    0.000000] reserve setup_data: [mem 0x000000fd00000000-0x000000ffffffffff] reserved
[    0.000000] efi: EFI v2.7 by EDK II
[    0.000000] efi: SMBIOS=0x7b5d5000 ACPI=0x7b77e000 ACPI 2.0=0x7b77e014 MEMATTR=0x79d73298 INITRD=0x79d5ee18 
[    0.000000] secureboot: Secure boot disabled
[    0.000000] SMBIOS 2.8 present.
[    0.000000] DMI: QEMU Standard PC (Q35 + ICH9, 2009), BIOS unknown 02/02/2022
[    0.000000] DMI: Memory slots populated: 1/1
[    0.000000] tsc: Fast TSC calibration using PIT
[    0.000000] tsc: Detected 4768.695 MHz processor
[    0.002139] AGP: No AGP bridge found
[    0.002357] last_pfn = 0x180000 max_arch_pfn = 0x400000000
[    0.003005] MTRR map: 4 entries (2 fixed + 2 variable; max 18), built from 8 variable MTRRs
[    0.003140] x86/PAT: Configuration [0-7]: WB  WC  UC- UC  WB  WP  UC- WT  
[    0.004002] last_pfn = 0x7bf60 max_arch_pfn = 0x400000000
[    0.034725] RAMDISK: [mem 0x78198000-0x7859cfff]
[    0.035076] ACPI: Early table checksum verification disabled
[    0.035459] ACPI: RSDP 0x000000007B77E014 000024 (v02 BOCHS )
[    0.035641] ACPI: XSDT 0x000000007B77D0E8 000054 (v01 BOCHS  BXPC     00000001      01000013)
[    0.036100] ACPI: FACP 0x000000007B779000 0000F4 (v03 BOCHS  BXPC     00000001 BXPC 00000001)
[    0.036486] ACPI: DSDT 0x000000007B77A000 0022A2 (v01 BOCHS  BXPC     00000001 BXPC 00000001)
[    0.036556] ACPI: FACS 0x000000007B7BD000 000040
[    0.036589] ACPI: APIC 0x000000007B778000 000090 (v03 BOCHS  BXPC     00000001 BXPC 00000001)
[    0.036603] ACPI: HPET 0x000000007B777000 000038 (v01 BOCHS  BXPC     00000001 BXPC 00000001)
[    0.036617] ACPI: MCFG 0x000000007B776000 00003C (v01 BOCHS  BXPC     00000001 BXPC 00000001)
[    0.036630] ACPI: WAET 0x000000007B775000 000028 (v01 BOCHS  BXPC     00000001 BXPC 00000001)
[    0.036644] ACPI: BGRT 0x000000007B774000 000038 (v01 INTEL  EDK2     00000002      01000013)
[    0.036685] ACPI: Reserving FACP table memory at [mem 0x7b779000-0x7b7790f3]
[    0.036700] ACPI: Reserving DSDT table memory at [mem 0x7b77a000-0x7b77c2a1]
[    0.036704] ACPI: Reserving FACS table memory at [mem 0x7b7bd000-0x7b7bd03f]
[    0.036708] ACPI: Reserving APIC table memory at [mem 0x7b778000-0x7b77808f]
[    0.036712] ACPI: Reserving HPET table memory at [mem 0x7b777000-0x7b777037]
[    0.036716] ACPI: Reserving MCFG table memory at [mem 0x7b776000-0x7b77603b]
[    0.036719] ACPI: Reserving WAET table memory at [mem 0x7b775000-0x7b775027]
[    0.036723] ACPI: Reserving BGRT table memory at [mem 0x7b774000-0x7b774037]
[    0.038344] No NUMA configuration found
[    0.038359] Faking a node at [mem 0x0000000000000000-0x000000017fffffff]
[    0.038918] NODE_DATA(0) allocated [mem 0x17ffd2680-0x17fffcfff]
[    0.041582] Zone ranges:
[    0.041598]   DMA      [mem 0x0000000000001000-0x0000000000ffffff]
[    0.041644]   DMA32    [mem 0x0000000001000000-0x00000000ffffffff]
[    0.041651]   Normal   [mem 0x0000000100000000-0x000000017fffffff]
[    0.041657]   Device   empty
[    0.041668] Movable zone start for each node
[    0.041686] Early memory node ranges
[    0.041702]   node   0: [mem 0x0000000000001000-0x000000000002ffff]
[    0.041781]   node   0: [mem 0x0000000000050000-0x000000000009dfff]
[    0.041786]   node   0: [mem 0x0000000000100000-0x00000000007fffff]
[    0.041790]   node   0: [mem 0x0000000000806000-0x0000000000806fff]
[    0.041794]   node   0: [mem 0x0000000000808000-0x000000000080afff]
[    0.041798]   node   0: [mem 0x000000000080c000-0x0000000000810fff]
[    0.041801]   node   0: [mem 0x0000000001a10000-0x000000007b4ecfff]
[    0.041820]   node   0: [mem 0x000000007b7ff000-0x000000007bf10fff]
[    0.041824]   node   0: [mem 0x000000007bf17000-0x000000007bf5ffff]
[    0.041828]   node   0: [mem 0x0000000100000000-0x000000017fffffff]
[    0.041929] Initmem setup node 0 [mem 0x0000000000001000-0x000000017fffffff]
[    0.043501] On node 0, zone DMA: 1 pages in unavailable ranges
[    0.043561] On node 0, zone DMA: 32 pages in unavailable ranges
[    0.043687] On node 0, zone DMA: 98 pages in unavailable ranges
[    0.043693] On node 0, zone DMA: 6 pages in unavailable ranges
[    0.043697] On node 0, zone DMA: 1 pages in unavailable ranges
[    0.043700] On node 0, zone DMA: 1 pages in unavailable ranges
[    0.061078] On node 0, zone DMA32: 4607 pages in unavailable ranges
[    0.061193] On node 0, zone DMA32: 786 pages in unavailable ranges
[    0.061199] On node 0, zone DMA32: 6 pages in unavailable ranges
[    0.063370] On node 0, zone Normal: 16544 pages in unavailable ranges
[    0.063912] ACPI: PM-Timer IO Port: 0x608
[    0.064302] ACPI: LAPIC_NMI (acpi_id[0xff] dfl dfl lint[0x1])
[    0.064626] IOAPIC[0]: apic_id 0, version 32, address 0xfec00000, GSI 0-23
[    0.064700] ACPI: INT_SRC_OVR (bus 0 bus_irq 0 global_irq 2 dfl dfl)
[    0.064853] ACPI: INT_SRC_OVR (bus 0 bus_irq 5 global_irq 5 high level)
[    0.064881] ACPI: INT_SRC_OVR (bus 0 bus_irq 9 global_irq 9 high level)
[    0.064954] ACPI: INT_SRC_OVR (bus 0 bus_irq 10 global_irq 10 high level)
[    0.064960] ACPI: INT_SRC_OVR (bus 0 bus_irq 11 global_irq 11 high level)
[    0.065066] ACPI: Using ACPI (MADT) for SMP configuration information
[    0.065096] ACPI: HPET id: 0x8086a201 base: 0xfed00000
[    0.065965] CPU topo: Max. logical packages:   1
[    0.065974] CPU topo: Max. logical dies:       1
[    0.065979] CPU topo: Max. dies per package:   1
[    0.066015] CPU topo: Max. threads per core:   1
[    0.066081] CPU topo: Num. cores per package:     4
[    0.066091] CPU topo: Num. threads per package:   4
[    0.066096] CPU topo: Allowing 4 present CPUs plus 0 hotplug CPUs
[    0.067536] PM: hibernation: Registered nosave memory: [mem 0x00000000-0x00000fff]
[    0.067560] PM: hibernation: Registered nosave memory: [mem 0x00030000-0x0004ffff]
[    0.067568] PM: hibernation: Registered nosave memory: [mem 0x0009e000-0x000fffff]
[    0.067575] PM: hibernation: Registered nosave memory: [mem 0x00800000-0x00805fff]
[    0.067583] PM: hibernation: Registered nosave memory: [mem 0x00807000-0x00807fff]
[    0.067590] PM: hibernation: Registered nosave memory: [mem 0x0080b000-0x0080bfff]
[    0.067598] PM: hibernation: Registered nosave memory: [mem 0x00811000-0x01a0ffff]
[    0.067605] PM: hibernation: Registered nosave memory: [mem 0x79d6a000-0x79d72fff]
[    0.067613] PM: hibernation: Registered nosave memory: [mem 0x7b4ed000-0x7b7fefff]
[    0.067620] PM: hibernation: Registered nosave memory: [mem 0x7bf11000-0x7bf16fff]
[    0.067627] PM: hibernation: Registered nosave memory: [mem 0x7bf60000-0xffffffff]
[    0.067705] [mem 0x80000000-0xdfffffff] available for PCI devices
[    0.067781] Booting paravirtualized kernel on bare hardware
[    0.068077] clocksource: refined-jiffies: mask: 0xffffffff max_cycles: 0xffffffff, max_idle_ns: 7645519600211568 ns
[    0.075023] setup_percpu: NR_CPUS:8192 nr_cpumask_bits:4 nr_cpu_ids:4 nr_node_ids:1
[    0.077491] percpu: Embedded 66 pages/cpu s233472 r8192 d28672 u524288
[    0.078525] Kernel command line: BOOT_IMAGE=/vmlinuz root=/dev/vda2 ro console=tty1 console=ttyS0,115200
[    0.081363] Dentry cache hash table entries: 524288 (order: 10, 4194304 bytes, linear)
[    0.082474] Inode-cache hash table entries: 262144 (order: 9, 2097152 bytes, linear)
[    0.084697] Fallback order for Node 0: 0 
[    0.084927] Built 1 zonelists, mobility grouping on.  Total pages: 1026494
[    0.084939] Policy zone: Normal
[    0.085234] mem auto-init: stack:all(zero), heap alloc:on, heap free:off
[    0.085338] AGP: Checking aperture...
[    0.086048] AGP: No AGP bridge found
[    0.086591] software IO TLB: area num 4.
[    0.161205] SLUB: HWalign=64, Order=0-3, MinObjects=0, CPUs=4, Nodes=1
[    0.163713] ftrace: allocating 45755 entries in 179 pages
[    0.188121] ftrace: allocated 179 pages with 5 groups
[    0.195944] Dynamic Preempt: voluntary
[    0.199549] rcu: Preemptible hierarchical RCU implementation.
[    0.199570] rcu: 	RCU restricting CPUs from NR_CPUS=8192 to nr_cpu_ids=4.
[    0.199647] 	Trampoline variant of Tasks RCU enabled.
[    0.199651] 	Rude variant of Tasks RCU enabled.
[    0.199655] 	Tracing variant of Tasks RCU enabled.
[    0.199774] rcu: RCU calculated value of scheduler-enlistment delay is 25 jiffies.
[    0.199792] rcu: Adjusting geometry for rcu_fanout_leaf=16, nr_cpu_ids=4
[    0.200658] RCU Tasks: Setting shift to 2 and lim to 1 rcu_task_cb_adjust=1 rcu_task_cpu_ids=4.
[    0.200674] RCU Tasks Rude: Setting shift to 2 and lim to 1 rcu_task_cb_adjust=1 rcu_task_cpu_ids=4.
[    0.200681] RCU Tasks Trace: Setting shift to 2 and lim to 1 rcu_task_cb_adjust=1 rcu_task_cpu_ids=4.
[    0.224814] NR_IRQS: 524544, nr_irqs: 456, preallocated irqs: 16
[    0.232235] rcu: srcu_init: Setting srcu_struct sizes based on contention.
[    0.235834] Console: colour dummy device 80x25
[    0.236184] printk: legacy console [tty1] enabled
[    0.240134] printk: legacy console [ttyS0] enabled
[    0.260599] ACPI: Core revision 20240827
[    0.264592] clocksource: hpet: mask: 0xffffffff max_cycles: 0xffffffff, max_idle_ns: 19112604467 ns
[    0.268083] APIC: Switch to symmetric I/O mode setup
[    0.271356] ..TIMER: vector=0x30 apic1=0 pin1=2 apic2=-1 pin2=-1
[    0.289734] clocksource: tsc-early: mask: 0xffffffffffffffff max_cycles: 0x44bcea853b7, max_idle_ns: 440795427874 ns
[    0.290231] Calibrating delay loop (skipped), value calculated using timer frequency.. 9537.39 BogoMIPS (lpj=19074780)
[    0.293388] Last level iTLB entries: 4KB 512, 2MB 255, 4MB 127
[    0.293501] Last level dTLB entries: 4KB 512, 2MB 255, 4MB 127, 1GB 0
[    0.294311] Spectre V1 : Mitigation: usercopy/swapgs barriers and __user pointer sanitization
[    0.294579] Spectre V2 : Mitigation: Retpolines
[    0.294660] Spectre V2 : Spectre v2 / SpectreRSB: Filling RSB on context switch and VMEXIT
[    0.295381] x86/fpu: x87 FPU will use FXSAVE
[    0.395265] Freeing SMP alternatives memory: 40K
[    0.396030] pid_max: default: 32768 minimum: 301
[    0.411574] LSM: initializing lsm=lockdown,capability,landlock,yama,apparmor,tomoyo,bpf,ipe,ima,evm
[    0.414363] landlock: Up and running.
[    0.414438] Yama: disabled by default; enable with sysctl kernel.yama.*
[    0.416654] AppArmor: AppArmor initialized
[    0.416827] TOMOYO Linux initialized
[    0.417779] LSM support for eBPF active
[    0.420566] Mount-cache hash table entries: 8192 (order: 4, 65536 bytes, linear)
[    0.420779] Mountpoint-cache hash table entries: 8192 (order: 4, 65536 bytes, linear)
[    0.549983] smpboot: CPU0: AMD QEMU Virtual CPU version 2.5+ (family: 0xf, model: 0x6b, stepping: 0x1)
[    0.555271] Performance Events: PMU not available due to virtualization, using software events only.
[    0.558743] signal: max sigframe size: 1440
[    0.560304] rcu: Hierarchical SRCU implementation.
[    0.560405] rcu: 	Max phase no-delay instances is 1000.
[    0.561295] Timer migration: 1 hierarchy levels; 8 children per group; 1 crossnode level
[    0.565620] NMI watchdog: Perf NMI watchdog permanently disabled
[    0.567102] smp: Bringing up secondary CPUs ...
[    0.570099] smpboot: x86: Booting SMP configuration:
[    0.570204] .... node  #0, CPUs:      #1 #2 #3
[    0.819220] smp: Brought up 1 node, 4 CPUs
[    0.819830] smpboot: Total of 4 processors activated (38144.54 BogoMIPS)
[    0.835564] node 0 deferred pages initialised in 8ms
[    0.836118] Memory: 3886064K/4105976K available (16384K kernel code, 2497K rwdata, 11808K rodata, 4168K init, 4916K bss, 214344K reserved, 0K cma-reserved)
[    0.843023] devtmpfs: initialized
[    0.844253] x86/mm: Memory block size: 128MB
[    0.850352] ACPI: PM: Registering ACPI NVS region [mem 0x00800000-0x00805fff] (24576 bytes)
[    0.850438] ACPI: PM: Registering ACPI NVS region [mem 0x00807000-0x00807fff] (4096 bytes)
[    0.850550] ACPI: PM: Registering ACPI NVS region [mem 0x0080b000-0x0080bfff] (4096 bytes)
[    0.850657] ACPI: PM: Registering ACPI NVS region [mem 0x00811000-0x01a0ffff] (18870272 bytes)
[    0.851677] ACPI: PM: Registering ACPI NVS region [mem 0x7b77f000-0x7b7fefff] (524288 bytes)
[    0.851834] ACPI: PM: Registering ACPI NVS region [mem 0x7bf15000-0x7bf16fff] (8192 bytes)
[    0.851944] ACPI: PM: Registering ACPI NVS region [mem 0x7bf60000-0x7bffffff] (655360 bytes)
[    0.852798] clocksource: jiffies: mask: 0xffffffff max_cycles: 0xffffffff, max_idle_ns: 7645041785100000 ns
[    0.854256] futex hash table entries: 1024 (order: 4, 65536 bytes, linear)
[    0.858615] pinctrl core: initialized pinctrl subsystem
[    0.870204] NET: Registered PF_NETLINK/PF_ROUTE protocol family
[    0.873327] DMA: preallocated 512 KiB GFP_KERNEL pool for atomic allocations
[    0.874212] DMA: preallocated 512 KiB GFP_KERNEL|GFP_DMA pool for atomic allocations
[    0.874435] DMA: preallocated 512 KiB GFP_KERNEL|GFP_DMA32 pool for atomic allocations
[    0.874701] audit: initializing netlink subsys (disabled)
[    0.874900] audit: type=2000 audit(1782984175.612:1): state=initialized audit_enabled=0 res=1
[    0.878833] thermal_sys: Registered thermal governor 'fair_share'
[    0.878855] thermal_sys: Registered thermal governor 'bang_bang'
[    0.878983] thermal_sys: Registered thermal governor 'step_wise'
[    0.879070] thermal_sys: Registered thermal governor 'user_space'
[    0.879151] thermal_sys: Registered thermal governor 'power_allocator'
[    0.879490] cpuidle: using governor ladder
[    0.879490] cpuidle: using governor menu
[    0.884134] efi: Freeing EFI boot services memory: 25080K
[    0.884365] acpiphp: ACPI Hot Plug PCI Controller Driver version: 0.5
[    0.886487] PCI: ECAM [mem 0xe0000000-0xefffffff] (base 0xe0000000) for domain 0000 [bus 00-ff]
[    0.888608] PCI: Using configuration type 1 for base access
[    0.888991] mtrr: your CPUs had inconsistent fixed MTRR settings
[    0.889078] mtrr: your CPUs had inconsistent variable MTRR settings
[    0.889198] mtrr: your CPUs had inconsistent MTRRdefType settings
[    0.889292] mtrr: probably your BIOS does not setup all CPUs.
[    0.889420] mtrr: corrected configuration.
[    0.890934] kprobes: kprobe jump-optimization is enabled. All kprobes are optimized if possible.
[    0.899011] HugeTLB: registered 2.00 MiB page size, pre-allocated 0 pages
[    0.899045] HugeTLB: 28 KiB vmemmap can be freed for a 2.00 MiB page
[    0.912782] ACPI: Added _OSI(Module Device)
[    0.914040] ACPI: Added _OSI(Processor Device)
[    0.914110] ACPI: Added _OSI(Processor Aggregator Device)
[    0.923353] ACPI: 1 ACPI AML tables successfully acquired and loaded
[    0.935064] ACPI: Interpreter enabled
[    0.935707] ACPI: PM: (supports S0 S3 S4 S5)
[    0.935859] ACPI: Using IOAPIC for interrupt routing
[    0.936513] PCI: Using host bridge windows from ACPI; if necessary, use "pci=nocrs" and report a bug
[    0.936654] PCI: Using E820 reservations for host bridge windows
[    0.937622] ACPI: Enabled 2 GPEs in block 00 to 3F
[    0.957055] ACPI: PCI Root Bridge [PCI0] (domain 0000 [bus 00-ff])
[    0.957694] acpi PNP0A08:00: _OSC: OS supports [ExtendedConfig ASPM ClockPM Segments MSI HPX-Type3]
[    0.958563] acpi PNP0A08:00: _OSC: platform does not support [PCIeHotplug LTR]
[    0.959045] acpi PNP0A08:00: _OSC: OS now controls [SHPCHotplug PME AER PCIeCapability]
[    0.961852] PCI host bridge to bus 0000:00
[    0.962138] pci_bus 0000:00: root bus resource [io  0x0000-0x0cf7 window]
[    0.963080] pci_bus 0000:00: root bus resource [io  0x0d00-0xffff window]
[    0.963179] pci_bus 0000:00: root bus resource [mem 0x000a0000-0x000bffff window]
[    0.963282] pci_bus 0000:00: root bus resource [mem 0x80000000-0xdfffffff window]
[    0.963386] pci_bus 0000:00: root bus resource [mem 0xf0000000-0xfebfffff window]
[    0.963486] pci_bus 0000:00: root bus resource [mem 0xc000000000-0xc7ffffffff window]
[    0.963675] pci_bus 0000:00: root bus resource [bus 00-ff]
[    0.964544] pci 0000:00:00.0: [8086:29c0] type 00 class 0x060000 conventional PCI endpoint
[    0.967169] pci 0000:00:01.0: [1234:1111] type 00 class 0x030000 conventional PCI endpoint
[    0.968965] pci 0000:00:01.0: BAR 0 [mem 0x80000000-0x80ffffff pref]
[    0.971461] pci 0000:00:01.0: BAR 2 [mem 0x81086000-0x81086fff]
[    0.976701] pci 0000:00:01.0: ROM [mem 0xffff0000-0xffffffff pref]
[    0.979502] pci 0000:00:01.0: Video device with shadowed ROM at [mem 0x000c0000-0x000dffff]
[    0.980294] pci 0000:00:02.0: [8086:10d3] type 00 class 0x020000 PCIe Root Complex Integrated Endpoint
[    0.983738] pci 0000:00:02.0: BAR 0 [mem 0x81060000-0x8107ffff]
[    0.986042] pci 0000:00:02.0: BAR 1 [mem 0x81040000-0x8105ffff]
[    0.988148] pci 0000:00:02.0: BAR 2 [io  0x60e0-0x60ff]
[    0.990007] pci 0000:00:02.0: BAR 3 [mem 0x81080000-0x81083fff]
[    0.998882] pci 0000:00:02.0: ROM [mem 0xfffc0000-0xffffffff pref]
[    0.999188] pci 0000:00:02.0: enabling Extended Tags
[    1.000192] pci 0000:00:03.0: [1af4:1001] type 00 class 0x010000 conventional PCI endpoint
[    1.001626] pci 0000:00:03.0: BAR 0 [io  0x6000-0x607f]
[    1.003482] pci 0000:00:03.0: BAR 1 [mem 0x81085000-0x81085fff]
[    1.010770] pci 0000:00:03.0: BAR 4 [mem 0xc000000000-0xc000003fff 64bit pref]
[    1.012780] pci 0000:00:1f.0: [8086:2918] type 00 class 0x060100 conventional PCI endpoint
[    1.013187] pci 0000:00:1f.0: quirk: [io  0x0600-0x067f] claimed by ICH6 ACPI/GPIO/TCO
[    1.014247] pci 0000:00:1f.2: [8086:2922] type 00 class 0x010601 conventional PCI endpoint
[    1.019991] pci 0000:00:1f.2: BAR 4 [io  0x60c0-0x60df]
[    1.020855] pci 0000:00:1f.2: BAR 5 [mem 0x81084000-0x81084fff]
[    1.022809] pci 0000:00:1f.3: [8086:2930] type 00 class 0x0c0500 conventional PCI endpoint
[    1.025175] pci 0000:00:1f.3: BAR 4 [io  0x6080-0x60bf]
[    1.030960] ACPI: PCI: Interrupt link LNKA configured for IRQ 10
[    1.031343] ACPI: PCI: Interrupt link LNKB configured for IRQ 10
[    1.031616] ACPI: PCI: Interrupt link LNKC configured for IRQ 11
[    1.031866] ACPI: PCI: Interrupt link LNKD configured for IRQ 11
[    1.032281] ACPI: PCI: Interrupt link LNKE configured for IRQ 10
[    1.032508] ACPI: PCI: Interrupt link LNKF configured for IRQ 10
[    1.034222] ACPI: PCI: Interrupt link LNKG configured for IRQ 11
[    1.034498] ACPI: PCI: Interrupt link LNKH configured for IRQ 11
[    1.034645] ACPI: PCI: Interrupt link GSIA configured for IRQ 16
[    1.034752] ACPI: PCI: Interrupt link GSIB configured for IRQ 17
[    1.034854] ACPI: PCI: Interrupt link GSIC configured for IRQ 18
[    1.034955] ACPI: PCI: Interrupt link GSID configured for IRQ 19
[    1.035100] ACPI: PCI: Interrupt link GSIE configured for IRQ 20
[    1.035209] ACPI: PCI: Interrupt link GSIF configured for IRQ 21
[    1.035315] ACPI: PCI: Interrupt link GSIG configured for IRQ 22
[    1.035413] ACPI: PCI: Interrupt link GSIH configured for IRQ 23
[    1.038349] iommu: Default domain type: Translated
[    1.038349] iommu: DMA domain TLB invalidation policy: lazy mode
[    1.039470] pps_core: LinuxPPS API ver. 1 registered
[    1.039582] pps_core: Software ver. 5.3.6 - Copyright 2005-2007 Rodolfo Giometti <giometti@linux.it>
[    1.039754] PTP clock support registered
[    1.040010] EDAC MC: Ver: 3.0.0
[    1.042397] efivars: Registered efivars operations
[    1.048349] NetLabel: Initializing
[    1.048427] NetLabel:  domain hash size = 128
[    1.048492] NetLabel:  protocols = UNLABELED CIPSOv4 CALIPSO
[    1.049125] NetLabel:  unlabeled traffic allowed by default
[    1.049231] PCI: Using ACPI for IRQ routing
[    1.054354] pci 0000:00:01.0: vgaarb: setting as boot VGA device
[    1.054354] pci 0000:00:01.0: vgaarb: bridge control possible
[    1.054443] pci 0000:00:01.0: vgaarb: VGA device added: decodes=io+mem,owns=io+mem,locks=none
[    1.054572] vgaarb: loaded
[    1.055214] hpet: 3 channels of 0 reserved for per-cpu timers
[    1.055434] hpet0: at MMIO 0xfed00000, IRQs 2, 8, 0
[    1.055589] hpet0: 3 comparators, 64-bit 100.000000 MHz counter
[    1.063032] clocksource: Switched to clocksource tsc-early
[    1.066432] VFS: Disk quotas dquot_6.6.0
[    1.066677] VFS: Dquot-cache hash table entries: 512 (order 0, 4096 bytes)
[    1.070156] AppArmor: AppArmor Filesystem Enabled
[    1.070581] pnp: PnP ACPI init
[    1.072997] system 00:05: [mem 0xe0000000-0xefffffff window] has been reserved
[    1.074159] pnp: PnP ACPI: found 6 devices
[    1.103618] clocksource: acpi_pm: mask: 0xffffff max_cycles: 0xffffff, max_idle_ns: 2085701024 ns
[    1.104694] NET: Registered PF_INET protocol family
[    1.105986] IP idents hash table entries: 65536 (order: 7, 524288 bytes, linear)
[    1.134758] tcp_listen_portaddr_hash hash table entries: 2048 (order: 3, 32768 bytes, linear)
[    1.135014] Table-perturb hash table entries: 65536 (order: 6, 262144 bytes, linear)
[    1.135197] TCP established hash table entries: 32768 (order: 6, 262144 bytes, linear)
[    1.136288] TCP bind hash table entries: 32768 (order: 8, 1048576 bytes, linear)
[    1.136645] TCP: Hash tables configured (established 32768 bind 32768)
[    1.138293] MPTCP token hash table entries: 4096 (order: 5, 98304 bytes, linear)
[    1.138712] UDP hash table entries: 2048 (order: 4, 65536 bytes, linear)
[    1.139039] UDP-Lite hash table entries: 2048 (order: 4, 65536 bytes, linear)
[    1.140201] NET: Registered PF_UNIX/PF_LOCAL protocol family
[    1.140570] NET: Registered PF_XDP protocol family
[    1.140748] pci 0000:00:02.0: ROM [mem 0xfffc0000-0xffffffff pref]: can't claim; no compatible bridge window
[    1.141803] pci 0000:00:02.0: ROM [mem 0x81000000-0x8103ffff pref]: assigned
[    1.142091] pci_bus 0000:00: resource 4 [io  0x0000-0x0cf7 window]
[    1.142181] pci_bus 0000:00: resource 5 [io  0x0d00-0xffff window]
[    1.142265] pci_bus 0000:00: resource 6 [mem 0x000a0000-0x000bffff window]
[    1.142357] pci_bus 0000:00: resource 7 [mem 0x80000000-0xdfffffff window]
[    1.142473] pci_bus 0000:00: resource 8 [mem 0xf0000000-0xfebfffff window]
[    1.142576] pci_bus 0000:00: resource 9 [mem 0xc000000000-0xc7ffffffff window]
[    1.143047] PCI: CLS 0 bytes, default 64
[    1.143485] PCI-DMA: Using software bounce buffering for IO (SWIOTLB)
[    1.143599] software IO TLB: mapped [mem 0x0000000073b3c000-0x0000000077b3c000] (64MB)
[    1.146766] Trying to unpack rootfs image as initramfs...
[    1.147685] Initialise system trusted keyrings
[    1.148827] Key type blacklist registered
[    1.149885] workingset: timestamp_bits=36 max_order=20 bucket_order=0
[    1.150091] zbud: loaded
[    1.152011] fuse: init (API version 7.41)
[    1.156132] integrity: Platform Keyring initialized
[    1.156368] integrity: Machine keyring initialized
[    1.198273] Key type asymmetric registered
[    1.198460] Asymmetric key parser 'x509' registered
[    1.251191] Freeing initrd memory: 4116K
[    1.258906] Block layer SCSI generic (bsg) driver version 0.4 loaded (major 246)
[    1.259678] io scheduler mq-deadline registered
[    1.268525] ledtrig-cpu: registered to indicate activity on CPUs
[    1.269022] shpchp: Standard Hot Plug PCI Controller Driver version: 0.4
[    1.274902] ACPI: \_SB_.GSIH: Enabled at IRQ 23
[    1.278344] Serial: 8250/16550 driver, 4 ports, IRQ sharing enabled
[    1.280614] 00:03: ttyS0 at I/O 0x3f8 (irq = 4, base_baud = 115200) is a 16550A
[    1.287931] Linux agpgart interface v0.103
[    1.292751] i8042: PNP: PS/2 Controller [PNP0303:KBD,PNP0f13:MOU] at 0x60,0x64 irq 1,12
[    1.294990] serio: i8042 KBD port at 0x60,0x64 irq 1
[    1.295216] serio: i8042 AUX port at 0x60,0x64 irq 12
[    1.296562] mousedev: PS/2 mouse device common for all mice
[    1.297802] rtc_cmos 00:04: RTC can wake from S4
[    1.300478] input: AT Translated Set 2 keyboard as /devices/platform/i8042/serio0/input/input0
[    1.301279] rtc_cmos 00:04: registered as rtc0
[    1.301975] rtc_cmos 00:04: setting system clock to 2026-07-02T09:22:56 UTC (1782984176)
[    1.303364] rtc_cmos 00:04: alarms up to one day, y3k, 242 bytes nvram
[    1.303694] amd_pstate: the _CPC object is not present in SBIOS or ACPI disabled
[    1.304807] efifb: probing for efifb
[    1.305183] efifb: framebuffer at 0x80000000, using 4000k, total 4000k
[    1.305283] efifb: mode is 1280x800x32, linelength=5120, pages=1
[    1.305371] efifb: scrolling: redraw
[    1.305447] efifb: Truecolor: size=8:8:8:8, shift=24:16:8:0
[    1.313203] Console: switching to colour frame buffer device 160x50
[    1.317397] fb0: EFI VGA frame buffer device
[    1.321293] NET: Registered PF_INET6 protocol family
[    1.331914] Segment Routing with IPv6
[    1.332190] In-situ OAM (IOAM) with IPv6
[    1.332545] mip6: Mobile IPv6
[    1.332795] NET: Registered PF_PACKET protocol family
[    1.333326] mpls_gso: MPLS GSO support
[    1.335790] IPI shorthand broadcast: enabled
[    1.344147] sched_clock: Marking stable (1312087333, 29323495)->(1346402944, -4992116)
[    1.346520] registered taskstats version 1
[    1.348041] Loading compiled-in X.509 certificates
[    1.404297] Loaded X.509 cert 'Build time autogenerated kernel key: c0465b454d7244ca794594a976706ef7873df5fb'
[    1.412966] Demotion targets for Node 0: null
[    1.414363] Key type .fscrypt registered
[    1.414474] Key type fscrypt-provisioning registered
[    1.426860] Key type encrypted registered
[    1.427091] AppArmor: AppArmor sha256 policy hashing enabled
[    1.428958] ima: No TPM chip found, activating TPM-bypass!
[    1.429130] ima: Allocated hash algorithm: sha256
[    1.430375] ima: No architecture policies found
[    1.430805] evm: Initialising EVM extended attributes:
[    1.430918] evm: security.selinux
[    1.431097] evm: security.SMACK64 (disabled)
[    1.431209] evm: security.SMACK64EXEC (disabled)
[    1.431301] evm: security.SMACK64TRANSMUTE (disabled)
[    1.433227] evm: security.SMACK64MMAP (disabled)
[    1.435803] evm: security.apparmor
[    1.437212] evm: security.ima
[    1.439294] evm: security.capability
[    1.440712] evm: HMAC attrs: 0x1
[    1.486554] RAS: Correctable Errors collector initialized.
[    1.500208] clk: Disabling unused clocks
[    1.502169] PM: genpd: Disabling unused power domains
[    1.512651] Freeing unused decrypted memory: 2028K
[    1.565029] Freeing unused kernel image (initmem) memory: 4168K
[    1.567209] Write protecting the kernel read-only data: 28672k
[    1.570772] Freeing unused kernel image (rodata/data gap) memory: 480K
[    1.680926] x86/mm: Checked W+X mappings: passed, no W+X pages found.
[    1.683170] Run /init as init process
[    1.760088] [disk-init] root=/dev/vda2 rootfstype=ext4
[    1.762474] [disk-init] loading kernel modules
[    1.772269] [disk-init] modprobe virtio missing/failed (ok)
[    1.777034] [disk-init] modprobe virtio_ring missing/failed (ok)
[    1.782736] [disk-init] modprobe virtio_pci missing/failed (ok)
[    1.787312] [disk-init] modprobe virtio_pci_modern_dev missing/failed (ok)
[    1.792473] [disk-init] modprobe virtio_pci_legacy_dev missing/failed (ok)
[    1.830630] virtio_blk virtio0: 4/0/0 default/read/poll queues
[    1.842382] virtio_blk virtio0: [vda] 16777216 512-byte logical blocks (8.59 GB/8.00 GiB)
[    1.855081]  vda: vda1 vda2
[    1.862711] [disk-init] modprobe virtio_blk ok
[    1.919171] SCSI subsystem initialized
[    1.938498] [disk-init] modprobe virtio_scsi ok
[    1.944415] [disk-init] modprobe scsi_mod ok
[    1.966463] [disk-init] modprobe sd_mod ok
[    2.067342] [disk-init] modprobe ata_piix ok
[    2.101697] ACPI: \_SB_.GSIA: Enabled at IRQ 16
[    2.106093] ahci 0000:00:1f.2: AHCI vers 0001.0000, 32 command slots, 1.5 Gbps, SATA mode
[    2.107548] ahci 0000:00:1f.2: 6/6 ports implemented (port mask 0x3f)
[    2.108985] ahci 0000:00:1f.2: flags: 64bit ncq only 
[    2.117077] scsi host0: ahci
[    2.121623] scsi host1: ahci
[    2.124153] scsi host2: ahci
[    2.126254] scsi host3: ahci
[    2.128312] scsi host4: ahci
[    2.130994] scsi host5: ahci
[    2.132797] ata1: SATA max UDMA/133 abar m4096@0x81084000 port 0x81084100 irq 29 lpm-pol 1
[    2.134740] ata2: SATA max UDMA/133 abar m4096@0x81084000 port 0x81084180 irq 29 lpm-pol 1
[    2.135909] ata3: SATA max UDMA/133 abar m4096@0x81084000 port 0x81084200 irq 29 lpm-pol 1
[    2.137038] ata4: SATA max UDMA/133 abar m4096@0x81084000 port 0x81084280 irq 29 lpm-pol 1
[    2.138476] ata5: SATA max UDMA/133 abar m4096@0x81084000 port 0x81084300 irq 29 lpm-pol 1
[    2.139619] ata6: SATA max UDMA/133 abar m4096@0x81084000 port 0x81084380 irq 29 lpm-pol 1
[    2.153667] tsc: Refined TSC clocksource calibration: 4768.712 MHz
[    2.156412] clocksource: tsc: mask: 0xffffffffffffffff max_cycles: 0x44bcfaab8a3, max_idle_ns: 440795318805 ns
[    2.158071] clocksource: Switched to clocksource tsc
[    2.450238] ata2: SATA link down (SStatus 0 SControl 300)
[    2.453375] ata3: SATA link up 1.5 Gbps (SStatus 113 SControl 300)
[    2.456800] ata1: SATA link down (SStatus 0 SControl 300)
[    2.466466] ata6: SATA link down (SStatus 0 SControl 300)
[    2.468031] ata5: SATA link down (SStatus 0 SControl 300)
[    2.470565] ata3.00: LPM support broken, forcing max_power
[    2.471980] ata3.00: ATAPI: QEMU DVD-ROM, 2.5+, max UDMA/100
[    2.473214] ata3.00: applying bridge limits
[    2.475516] ata4: SATA link down (SStatus 0 SControl 300)
[    2.476887] ata3.00: LPM support broken, forcing max_power
[    2.478654] ata3.00: configured for UDMA/100
[    2.484747] scsi 2:0:0:0: CD-ROM            QEMU     QEMU DVD-ROM     2.5+ PQ: 0 ANSI: 5
[    2.531501] [disk-init] modprobe ahci ok
[    2.537046] [disk-init] modprobe nvme missing/failed (ok)
[    2.542417] [disk-init] modprobe nvme_core missing/failed (ok)
[    2.558636] [disk-init] modprobe crc32c_generic ok
[    2.701632] [disk-init] modprobe crc32c-intel missing/failed (ok)
[    2.743254] device-mapper: core: CONFIG_IMA_DISABLE_HTABLE is disabled. Duplicate IMA measurements will not be recorded in the IMA log.
[    2.745172] device-mapper: uevent: version 1.0.3
[    2.748764] device-mapper: ioctl: 4.48.0-ioctl (2023-03-01) initialised: dm-devel@lists.linux.dev
[    2.752480] [disk-init] modprobe dm_mod ok
[    2.775240] [disk-init] modprobe dm_crypt ok
[    3.149711] [disk-init] modprobe ext4 ok
[    3.186982] [disk-init] modprobe vfat ok
[    3.203254] [disk-init] modprobe nls_cp437 ok
[    3.218546] [disk-init] modprobe nls_utf8 ok
[    3.234451] [disk-init] modprobe nls_ascii ok
[    3.326492] ACPI: bus type drm_connector registered
[    3.330560] [disk-init] modprobe drm ok
[    3.368021] [disk-init] modprobe drm_kms_helper ok
[    3.424403] [disk-init] modprobe virtio-gpu ok
[    3.484306] [disk-init] modprobe qxl ok
[    3.513641] Console: switching to colour dummy device 80x25
[    3.514441] bochs-drm 0000:00:01.0: vgaarb: deactivate vga console
[    3.515546] [drm] Found bochs VGA, ID 0xb0c5.
[    3.515635] [drm] Framebuffer size 16384 kB @ 0x80000000, mmio @ 0x81086000.
[    3.518893] [drm] Found EDID data blob.
[    3.523031] [drm] Initialized bochs-drm 1.0.0 for 0000:00:01.0 on minor 0
[    3.532598] fbcon: bochs-drmdrmfb (fb0) is primary device
[    3.539974] Console: switching to colour frame buffer device 160x50
[    3.545191] bochs-drm 0000:00:01.0: [drm] fb0: bochs-drmdrmfb frame buffer device
[    3.559035] [disk-init] modprobe bochs ok
[    4.567396] [disk-init] mounting /dev/vda2 at /newroot
[    4.675036] EXT4-fs (vda2): orphan cleanup on readonly fs
[    4.676599] EXT4-fs (vda2): mounted filesystem 42899975-6ba6-414d-8ed4-550e099c6aac ro with ordered data mode. Quota mode: none.
[    4.718495] Not activating Mandatory Access Control as /sbin/tomoyo-init does not exist.
[0;1;31mFailed to find module 'autofs4'[0m
[6n[32766;32766H[6n[!p]104[?7hsystemd 257 running in system mode (-PAM -AUDIT -SELINUX -APPARMOR +IMA +IPE +SMACK +SECCOMP -GCRYPT -GNUTLS +OPENSSL +ACL +BLKID -CURL -ELFUTILS -FIDO2 -IDN2 -IDN -IPTC +KMOD -LIBCRYPTSETUP -LIBCRYPTSETUP_PLUGINS +LIBFDISK -PCRE2 -PWQUALITY -P11KIT -QRENCODE -TPM2 -BZIP2 -LZ4 -XZ +ZLIB -ZSTD -BPF_FRAMEWORK -BTF -XKBCOMMON +UTMP +SYSVINIT -LIBARCHIVE)
Detected virtualization docker.
Detected architecture x86-64.

[0;1;39mWelcome to [0m[1mReproOS[0m[0;1;39m![0m

Hostname set to <reproos-smoke>.
[0;1;38:5:185mgraphical.target: Found ordering cycle on multi-user.target/start[0m
[0;1;38:5:185mgraphical.target: Found dependency on m9r56-diag.service/start[0m
[0;1;38:5:185mgraphical.target: Found dependency on graphical.target/start[0m
[0;1;31mgraphical.target: Job m9r56-diag.service/start deleted to break ordering cycle starting with graphical.target/start[0m
[[0;1;31m SKIP [0m] Ordering cycle found, skipping [0;1;39mM9.R.56.8 diagnostic journal capture[0m
Queued start job for default target Graphical Interface.
[[0;32m  OK  [0m] Created slice [0;1;39mSlice /system/getty[0m.
[[0;32m  OK  [0m] Created slice [0;1;39mSlice /system/modprobe[0m.
[[0;32m  OK  [0m] Created slice [0;1;39mSlice /system/serial-getty[0m.
[[0;32m  OK  [0m] Created slice [0;1;39mSlice /system/systemd-fsck[0m.
[[0;32m  OK  [0m] Created slice [0;1;39mUser and Session Slice[0m.
[[0;32m  OK  [0m] Started [0;1;39mDispatch Password Requests to Console Directory Watch[0m.
[[0;32m  OK  [0m] Started [0;1;39mForward Password Requests to Wall Directory Watch[0m.
[[0;1;38:5:185mUNSUPP[0m] Starting of [0;1;39mArbitrary Executable F…System Automount Point[0m unsupported.
         Expecting device [0;1;39m/dev/ttyS0[0m...
         Expecting device [0;1;39m/dev/vda1[0m...
[[0;32m  OK  [0m] Reached target [0;1;39mPath Units[0m.
[[0;32m  OK  [0m] Reached target [0;1;39mRemote File Systems[0m.
[[0;32m  OK  [0m] Reached target [0;1;39mSlice Units[0m.
[[0;32m  OK  [0m] Reached target [0;1;39mSwaps[0m.
[[0;32m  OK  [0m] Listening on [0;1;39mDevice-mapper event daemon FIFOs[0m.
[[0;32m  OK  [0m] Listening on [0;1;39mLVM2 poll daemon socket[0m.
[[0;32m  OK  [0m] Listening on [0;1;39mCredential Encryption/Decryption[0m.
[[0;32m  OK  [0m] Listening on [0;1;39minitctl Compatibility Named Pipe[0m.
[[0;32m  OK  [0m] Listening on [0;1;39mJournal Socket (/dev/log)[0m.
[[0;32m  OK  [0m] Listening on [0;1;39mJournal Sockets[0m.
[[0;32m  OK  [0m] Listening on [0;1;39mudev Control Socket[0m.
[[0;32m  OK  [0m] Listening on [0;1;39mudev Kernel Socket[0m.
         Mounting [0;1;39mHuge Pages File System[0m...
         Mounting [0;1;39mPOSIX Message Queue File System[0m...
         Mounting [0;1;39mLegacy Locks Directory /run/lock[0m...
         Mounting [0;1;39mKernel Debug File System[0m...
         Mounting [0;1;39mKernel Trace File System[0m...
         Mounting [0;1;39mTemporary Directory /tmp[0m...
         Starting [0;1;39mAvailability of block devices[0m...
         Starting [0;1;39mSet the console keyboard layout[0m...
         Starting [0;1;39mMonitoring of LVM2 mirror…ing dmeventd or progress polling[0m...
         Starting [0;1;39mLoad Kernel Module configfs[0m...
[    6.218668] (modprobe)[246]: modprobe@configfs.service: Unable to locate executable '/sbin/modprobe': No such file or directory
         Starting [0;1;39mLoad Kernel Module drm[0m...
         Starting [0;1;39mLoad Kernel Module efi_pstore[0m...
[    6.240847] (modprobe)[247]: modprobe@drm.service: Unable to locate executable '/sbin/modprobe': No such file or directory
         Starting [0;1;39mLoad Kernel Module fuse[0m...
[    6.251435] (modprobe)[248]: modprobe@efi_pstore.service: Unable to locate executable '/sbin/modprobe': No such file or directory
         Starting [0;1;39mFile System Check on Root Device[0m...
[    6.275502] (modprobe)[251]: modprobe@fuse.service: Unable to locate executable '/sbin/modprobe': No such file or directory
         Starting [0;1;39mJournal Service[0m...
         Starting [0;1;39mLoad Kernel Modules[0m...
         Starting [0;1;39mCreate Static Device Nodes in /dev gracefully[0m...
         Starting [0;1;39mLoad udev Rules from Credentials[0m...
         Starting [0;1;39mColdplug All udev Devices[0m...
[[0;32m  OK  [0m] Mounted [0;1;39mHuge Pages File System[0m.
[[0;32m  OK  [0m] Mounted [0;1;39mPOSIX Message Queue File System[0m.
[[0;32m  OK  [0m] Mounted [0;1;39mLegacy Locks Directory /run/lock[0m.
[[0;32m  OK  [0m] Mounted [0;1;39mKernel Debug File System[0m.
[[0;32m  OK  [0m] Mounted [0;1;39mKernel Trace File System[0m.
[[0;32m  OK  [0m] Mounted [0;1;39mTemporary Directory /tmp[0m.
[[0;32m  OK  [0m] Finished [0;1;39mAvailability of block devices[0m.
modprobe@configfs.service: Deactivated successfully.
[[0;32m  OK  [0m] Finished [0;1;39mLoad Kernel Module configfs[0m.
modprobe@drm.service: Deactivated successfully.
[[0;32m  OK  [0m] Finished [0;1;39mLoad Kernel Module drm[0m.
modprobe@efi_pstore.service: Deactivated successfully.
[[0;32m  OK  [0m] Finished [0;1;39mLoad Kernel Module efi_pstore[0m.
modprobe@fuse.service: Deactivated successfully.
[[0;32m  OK  [0m] Finished [0;1;39mLoad Kernel Module fuse[0m.
[[0;32m  OK  [0m] Finished [0;1;39mLoad Kernel Modules[0m.
[[0;32m  OK  [0m] Finished [0;1;39mLoad udev Rules from Credentials[0m.
         Mounting [0;1;39mFUSE Control File System[0m...
         Starting [0;1;39mApply Kernel Variables[0m...
[    6.532459] systemd-journald[254]: Collecting audit messages is disabled.
[[0;32m  OK  [0m] Finished [0;1;39mFile System Check on Root Device[0m.
[[0;32m  OK  [0m] Finished [0;1;39mCreate Static Device Nodes in /dev gracefully[0m.
         Starting [0;1;39mRemount Root and Kernel File Systems[0m...
[[0;32m  OK  [0m] Mounted [0;1;39mFUSE Control File System[0m.
[[0;32m  OK  [0m] Finished [0;1;39mApply Kernel Variables[0m.
[[0;32m  OK  [0m] Started [0;1;39mJournal Service[0m.
[    6.745915] EXT4-fs (vda2): re-mounted 42899975-6ba6-414d-8ed4-550e099c6aac r/w.
[[0;32m  OK  [0m] Finished [0;1;39mRemount Root and Kernel File Systems[0m.
         Starting [0;1;39mFlush Journal to Persistent Storage[0m...
         Starting [0;1;39mCreate Static Device Nodes in /dev[0m...
[[0;32m  OK  [0m] Finished [0;1;39mSet the console keyboard layout[0m.
[[0;32m  OK  [0m] Finished [0;1;39mColdplug All udev Devices[0m.
[    6.854388] systemd-journald[254]: Received client request to flush runtime journal.
[[0;32m  OK  [0m] Finished [0;1;39mCreate Static Device Nodes in /dev[0m.
         Starting [0;1;39mRule-based Manager for Device Events and Files[0m...
[[0;32m  OK  [0m] Finished [0;1;39mFlush Journal to Persistent Storage[0m.
[[0;32m  OK  [0m] Started [0;1;39mRule-based Manager for Device Events and Files[0m.
[[0;32m  OK  [0m] Found device [0;1;39m/dev/ttyS0[0m.
[    7.449690] random: crng init done
[[0;32m  OK  [0m] Found device [0;1;39m/dev/vda1[0m.
[[0;32m  OK  [0m] Finished [0;1;39mMonitoring of LVM2 mirror…using dmeventd or progress polling[0m.
[[0;32m  OK  [0m] Reached target [0;1;39mPreparation for Local File Systems[0m.
         Starting [0;1;39mFile System Check on /dev/vda1[0m...
[[0;32m  OK  [0m] Finished [0;1;39mFile System Check on /dev/vda1[0m.
         Mounting [0;1;39m/boot[0m...
[[0;32m  OK  [0m] Mounted [0;1;39m/boot[0m.
[[0;32m  OK  [0m] Reached target [0;1;39mLocal File Systems[0m.
[[0;32m  OK  [0m] Listening on [0;1;39mSystem Extension Image Management[0m.
         Starting [0;1;39mSet console font and keymap[0m...
         Starting [0;1;39mCreate System Files and Directories[0m...
[[0;32m  OK  [0m] Finished [0;1;39mSet console font and keymap[0m.
[[0;32m  OK  [0m] Finished [0;1;39mCreate System Files and Directories[0m.
[[0;32m  OK  [0m] Reached target [0;1;39mSystem Initialization[0m.
[[0;32m  OK  [0m] Started [0;1;39mDaily apt download activities[0m.
[[0;32m  OK  [0m] Started [0;1;39mDaily apt upgrade and clean activities[0m.
[[0;32m  OK  [0m] Started [0;1;39mDaily dpkg database backup timer[0m.
[[0;32m  OK  [0m] Started [0;1;39mDaily Cleanup of Temporary Directories[0m.
[[0;32m  OK  [0m] Reached target [0;1;39mTimer Units[0m.
[[0;32m  OK  [0m] Listening on [0;1;39mD-Bus System Message Bus Socket[0m.
[[0;32m  OK  [0m] Listening on [0;1;39mHostname Service Socket[0m.
[[0;32m  OK  [0m] Reached target [0;1;39mSocket Units[0m.
[[0;32m  OK  [0m] Reached target [0;1;39mBasic System[0m.
[[0;32m  OK  [0m] Started [0;1;39mD-Bus System Message Bus[0m.
         Starting [0;1;39mRecord successful boot for GRUB[0m...
         Starting [0;1;39mUser Login Management[0m...
         Starting [0;1;39mPermit User Sessions[0m...
[[0;32m  OK  [0m] Finished [0;1;39mPermit User Sessions[0m.
[[0;32m  OK  [0m] Started [0;1;39mConsole Getty[0m.
[[0;32m  OK  [0m] Started [0;1;39mSerial Getty on ttyS0[0m.
[[0;32m  OK  [0m] Reached target [0;1;39mLogin Prompts[0m.
[[0;32m  OK  [0m] Finished [0;1;39mRecord successful boot for GRUB[0m.
[[0;32m  OK  [0m] Started [0;1;39mUser Login Management[0m.
[[0;32m  OK  [0m] Reached target [0;1;39mMulti-User System[0m.
[[0;32m  OK  [0m] Started [0;1;39mSimple Desktop Display Manager[0m.
[[0;32m  OK  [0m] Reached target [0;1;39mGraphical Interface[0m.
[!p]104[?7h[6n[32766;32766H[6n[!p]104[?7h[6n[32766;32766H[6n
Debian GNU/Linux 13 reproos-smoke console

reproos-smoke login: [m9r56.8-boot] screendump t=60s -> /opt/repro/reprobuild/recipes/reproos-image/run-evidence/m9r57/m9r57_shot_60.ppm
{"return": {}}
-rw-r--r-- 1 zahary users 3072016 Jul  2 12:24 /opt/repro/reprobuild/recipes/reproos-image/run-evidence/m9r57/m9r57_shot_60.ppm
[m9r56.8-boot] waiting to t=120s...
[m9r56.8-boot] screendump t=120s -> /opt/repro/reprobuild/recipes/reproos-image/run-evidence/m9r57/m9r57_shot_120.ppm
{"return": {}}
-rw-r--r-- 1 zahary users 3072016 Jul  2 12:25 /opt/repro/reprobuild/recipes/reproos-image/run-evidence/m9r57/m9r57_shot_120.ppm
[m9r56.8-boot] waiting to t=180s...
[m9r56.8-boot] screendump t=180s -> /opt/repro/reprobuild/recipes/reproos-image/run-evidence/m9r57/m9r57_shot_180.ppm
{"return": {}}
-rw-r--r-- 1 zahary users 3072016 Jul  2 12:26 /opt/repro/reprobuild/recipes/reproos-image/run-evidence/m9r57/m9r57_shot_180.ppm
[m9r56.8-boot] waiting to t=240s...
[m9r56.8-boot] screendump t=240s -> /opt/repro/reprobuild/recipes/reproos-image/run-evidence/m9r57/m9r57_shot_240.ppm
{"return": {}}
-rw-r--r-- 1 zahary users 3072016 Jul  2 12:27 /opt/repro/reprobuild/recipes/reproos-image/run-evidence/m9r57/m9r57_shot_240.ppm
[m9r56.8-boot] waiting to t=300s...
[m9r56.8-boot] screendump t=300s -> /opt/repro/reprobuild/recipes/reproos-image/run-evidence/m9r57/m9r57_shot_300.ppm
{"return": {}}
-rw-r--r-- 1 zahary users 3072016 Jul  2 12:28 /opt/repro/reprobuild/recipes/reproos-image/run-evidence/m9r57/m9r57_shot_300.ppm
[m9r56.8-boot] sending shutdown
{"timestamp": {"seconds": 1782984533, "microseconds": 224549}, "event": "POWERDOWN"}
Thu Jul  2 12:29:13 PM EEST 2026
[m9r56.8-boot] DONE
-rw-r--r-- 1 zahary users   48953 Jul  2 12:29 /opt/repro/reprobuild/recipes/reproos-image/run-evidence/m9r57/m9r57_boot_serial.log
-rw-r--r-- 1 zahary users 3072016 Jul  2 12:25 /opt/repro/reprobuild/recipes/reproos-image/run-evidence/m9r57/m9r57_shot_120.ppm
-rw-r--r-- 1 zahary users 3072016 Jul  2 12:26 /opt/repro/reprobuild/recipes/reproos-image/run-evidence/m9r57/m9r57_shot_180.ppm
-rw-r--r-- 1 zahary users 3072016 Jul  2 12:27 /opt/repro/reprobuild/recipes/reproos-image/run-evidence/m9r57/m9r57_shot_240.ppm
-rw-r--r-- 1 zahary users 3072016 Jul  2 12:28 /opt/repro/reprobuild/recipes/reproos-image/run-evidence/m9r57/m9r57_shot_300.ppm
-rw-r--r-- 1 zahary users 3072016 Jul  2 12:24 /opt/repro/reprobuild/recipes/reproos-image/run-evidence/m9r57/m9r57_shot_60.ppm
