[2J[01;01H[=3h[2J[01;01H[2J[01;01H[=3h[2J[01;01H[2J[01;01H[=3h[2J[01;01HBdsDxe: loading Boot0001 "UEFI Misc Device" from PciRoot(0x0)/Pci(0x3,0x0)
BdsDxe: starting Boot0001 "UEFI Misc Device" from PciRoot(0x0)/Pci(0x3,0x0)
[H[J[1;1H[H[J[1;1HEFI stub: Loaded initrd from LINUX_EFI_INITRD_MEDIA_GUID device path
[    0.000000] Linux version 6.12.86+deb13-amd64 (debian-kernel@lists.debian.org) (x86_64-linux-gnu-gcc-14 (Debian 14.2.0-19) 14.2.0, GNU ld (GNU Binutils for Debian) 2.44) #1 SMP PREEMPT_DYNAMIC Debian 6.12.86-1 (2026-05-08)
[    0.000000] Command line: BOOT_IMAGE=/vmlinuz root=/dev/vda2 ro console=tty1 console=ttyS0,115200
[    0.000000] BIOS-provided physical RAM map:
[    0.000000] BIOS-e820: [mem 0x0000000000000000-0x000000000009ffff] usable
[    0.000000] BIOS-e820: [mem 0x0000000000100000-0x00000000007fffff] usable
[    0.000000] BIOS-e820: [mem 0x0000000000800000-0x0000000000807fff] ACPI NVS
[    0.000000] BIOS-e820: [mem 0x0000000000808000-0x000000000080afff] usable
[    0.000000] BIOS-e820: [mem 0x000000000080b000-0x000000000080bfff] ACPI NVS
[    0.000000] BIOS-e820: [mem 0x000000000080c000-0x0000000000810fff] usable
[    0.000000] BIOS-e820: [mem 0x0000000000811000-0x00000000008fffff] ACPI NVS
[    0.000000] BIOS-e820: [mem 0x0000000000900000-0x000000007ee3afff] usable
[    0.000000] BIOS-e820: [mem 0x000000007ee3b000-0x000000007eefbfff] reserved
[    0.000000] BIOS-e820: [mem 0x000000007eefc000-0x000000007f8ecfff] usable
[    0.000000] BIOS-e820: [mem 0x000000007f8ed000-0x000000007fb6cfff] reserved
[    0.000000] BIOS-e820: [mem 0x000000007fb6d000-0x000000007fb7efff] ACPI data
[    0.000000] BIOS-e820: [mem 0x000000007fb7f000-0x000000007fbfefff] ACPI NVS
[    0.000000] BIOS-e820: [mem 0x000000007fbff000-0x000000007fe9ffff] usable
[    0.000000] BIOS-e820: [mem 0x000000007fea0000-0x000000007fea3fff] reserved
[    0.000000] BIOS-e820: [mem 0x000000007fea4000-0x000000007fea5fff] ACPI NVS
[    0.000000] BIOS-e820: [mem 0x000000007fea6000-0x000000007feebfff] usable
[    0.000000] BIOS-e820: [mem 0x000000007feec000-0x000000007ff6ffff] reserved
[    0.000000] BIOS-e820: [mem 0x000000007ff70000-0x000000007fffffff] ACPI NVS
[    0.000000] BIOS-e820: [mem 0x00000000e0000000-0x00000000efffffff] reserved
[    0.000000] BIOS-e820: [mem 0x00000000feffc000-0x00000000feffffff] reserved
[    0.000000] BIOS-e820: [mem 0x00000000ffc00000-0x00000000ffffffff] reserved
[    0.000000] BIOS-e820: [mem 0x000000fd00000000-0x000000ffffffffff] reserved
[    0.000000] NX (Execute Disable) protection: active
[    0.000000] APIC: Static calls initialized
[    0.000000] extended physical RAM map:
[    0.000000] reserve setup_data: [mem 0x0000000000000000-0x000000000009ffff] usable
[    0.000000] reserve setup_data: [mem 0x0000000000100000-0x00000000007fffff] usable
[    0.000000] reserve setup_data: [mem 0x0000000000800000-0x0000000000807fff] ACPI NVS
[    0.000000] reserve setup_data: [mem 0x0000000000808000-0x000000000080afff] usable
[    0.000000] reserve setup_data: [mem 0x000000000080b000-0x000000000080bfff] ACPI NVS
[    0.000000] reserve setup_data: [mem 0x000000000080c000-0x0000000000810fff] usable
[    0.000000] reserve setup_data: [mem 0x0000000000811000-0x00000000008fffff] ACPI NVS
[    0.000000] reserve setup_data: [mem 0x0000000000900000-0x000000007c2c3017] usable
[    0.000000] reserve setup_data: [mem 0x000000007c2c3018-0x000000007c2ea457] usable
[    0.000000] reserve setup_data: [mem 0x000000007c2ea458-0x000000007de9b017] usable
[    0.000000] reserve setup_data: [mem 0x000000007de9b018-0x000000007dea4a57] usable
[    0.000000] reserve setup_data: [mem 0x000000007dea4a58-0x000000007ee3afff] usable
[    0.000000] reserve setup_data: [mem 0x000000007ee3b000-0x000000007eefbfff] reserved
[    0.000000] reserve setup_data: [mem 0x000000007eefc000-0x000000007f8ecfff] usable
[    0.000000] reserve setup_data: [mem 0x000000007f8ed000-0x000000007fb6cfff] reserved
[    0.000000] reserve setup_data: [mem 0x000000007fb6d000-0x000000007fb7efff] ACPI data
[    0.000000] reserve setup_data: [mem 0x000000007fb7f000-0x000000007fbfefff] ACPI NVS
[    0.000000] reserve setup_data: [mem 0x000000007fbff000-0x000000007fe9ffff] usable
[    0.000000] reserve setup_data: [mem 0x000000007fea0000-0x000000007fea3fff] reserved
[    0.000000] reserve setup_data: [mem 0x000000007fea4000-0x000000007fea5fff] ACPI NVS
[    0.000000] reserve setup_data: [mem 0x000000007fea6000-0x000000007feebfff] usable
[    0.000000] reserve setup_data: [mem 0x000000007feec000-0x000000007ff6ffff] reserved
[    0.000000] reserve setup_data: [mem 0x000000007ff70000-0x000000007fffffff] ACPI NVS
[    0.000000] reserve setup_data: [mem 0x00000000e0000000-0x00000000efffffff] reserved
[    0.000000] reserve setup_data: [mem 0x00000000feffc000-0x00000000feffffff] reserved
[    0.000000] reserve setup_data: [mem 0x00000000ffc00000-0x00000000ffffffff] reserved
[    0.000000] reserve setup_data: [mem 0x000000fd00000000-0x000000ffffffffff] reserved
[    0.000000] efi: EFI v2.7 by EDK II
[    0.000000] efi: SMBIOS=0x7f988000 ACPI=0x7fb7e000 ACPI 2.0=0x7fb7e014 MEMATTR=0x7dec6118 INITRD=0x7deb1e18 RNG=0x7fb73018 
[    0.000000] random: crng init done
[    0.000000] efi: Remove mem131: MMIO range=[0xffc00000-0xffffffff] (4MB) from e820 map
[    0.000000] secureboot: Secure boot disabled
[    0.000000] SMBIOS 2.8 present.
[    0.000000] DMI: QEMU Standard PC (Q35 + ICH9, 2009), BIOS edk2-stable202408-prebuilt.qemu.org 08/13/2024
[    0.000000] DMI: Memory slots populated: 1/1
[    0.000000] Hypervisor detected: KVM
[    0.000000] last_pfn = 0x7feec max_arch_pfn = 0x400000000
[    0.000000] kvm-clock: Using msrs 4b564d01 and 4b564d00
[    0.000000] kvm-clock: using sched offset of 6697289566 cycles
[    0.000001] clocksource: kvm-clock: mask: 0xffffffffffffffff max_cycles: 0x1cd42e4dffb, max_idle_ns: 881590591483 ns
[    0.000005] tsc: Detected 4291.856 MHz processor
[    0.000286] last_pfn = 0x7feec max_arch_pfn = 0x400000000
[    0.000388] MTRR map: 4 entries (2 fixed + 2 variable; max 18), built from 8 variable MTRRs
[    0.000393] x86/PAT: Configuration [0-7]: WB  WC  UC- UC  WB  WP  UC- WT  
[    0.003479] Using GB pages for direct mapping
[    0.003685] RAMDISK: [mem 0x7c2eb000-0x7c6effff]
[    0.003688] ACPI: Early table checksum verification disabled
[    0.003691] ACPI: RSDP 0x000000007FB7E014 000024 (v02 BOCHS )
[    0.003694] ACPI: XSDT 0x000000007FB7D0E8 000054 (v01 BOCHS  BXPC     00000001      01000013)
[    0.003698] ACPI: FACP 0x000000007FB79000 0000F4 (v03 BOCHS  BXPC     00000001 BXPC 00000001)
[    0.003701] ACPI: DSDT 0x000000007FB7A000 00216D (v01 BOCHS  BXPC     00000001 BXPC 00000001)
[    0.003703] ACPI: FACS 0x000000007FBDD000 000040
[    0.003704] ACPI: APIC 0x000000007FB78000 000080 (v03 BOCHS  BXPC     00000001 BXPC 00000001)
[    0.003705] ACPI: HPET 0x000000007FB77000 000038 (v01 BOCHS  BXPC     00000001 BXPC 00000001)
[    0.003706] ACPI: MCFG 0x000000007FB76000 00003C (v01 BOCHS  BXPC     00000001 BXPC 00000001)
[    0.003707] ACPI: WAET 0x000000007FB75000 000028 (v01 BOCHS  BXPC     00000001 BXPC 00000001)
[    0.003708] ACPI: BGRT 0x000000007FB74000 000038 (v01 INTEL  EDK2     00000002      01000013)
[    0.003709] ACPI: Reserving FACP table memory at [mem 0x7fb79000-0x7fb790f3]
[    0.003710] ACPI: Reserving DSDT table memory at [mem 0x7fb7a000-0x7fb7c16c]
[    0.003710] ACPI: Reserving FACS table memory at [mem 0x7fbdd000-0x7fbdd03f]
[    0.003711] ACPI: Reserving APIC table memory at [mem 0x7fb78000-0x7fb7807f]
[    0.003711] ACPI: Reserving HPET table memory at [mem 0x7fb77000-0x7fb77037]
[    0.003711] ACPI: Reserving MCFG table memory at [mem 0x7fb76000-0x7fb7603b]
[    0.003711] ACPI: Reserving WAET table memory at [mem 0x7fb75000-0x7fb75027]
[    0.003712] ACPI: Reserving BGRT table memory at [mem 0x7fb74000-0x7fb74037]
[    0.004127] No NUMA configuration found
[    0.004128] Faking a node at [mem 0x0000000000000000-0x000000007feebfff]
[    0.004131] NODE_DATA(0) allocated [mem 0x7fe0b680-0x7fe35fff]
[    0.004227] Zone ranges:
[    0.004228]   DMA      [mem 0x0000000000001000-0x0000000000ffffff]
[    0.004230]   DMA32    [mem 0x0000000001000000-0x000000007feebfff]
[    0.004230]   Normal   empty
[    0.004231]   Device   empty
[    0.004231] Movable zone start for each node
[    0.004232] Early memory node ranges
[    0.004232]   node   0: [mem 0x0000000000001000-0x000000000009ffff]
[    0.004233]   node   0: [mem 0x0000000000100000-0x00000000007fffff]
[    0.004233]   node   0: [mem 0x0000000000808000-0x000000000080afff]
[    0.004234]   node   0: [mem 0x000000000080c000-0x0000000000810fff]
[    0.004234]   node   0: [mem 0x0000000000900000-0x000000007ee3afff]
[    0.004234]   node   0: [mem 0x000000007eefc000-0x000000007f8ecfff]
[    0.004234]   node   0: [mem 0x000000007fbff000-0x000000007fe9ffff]
[    0.004235]   node   0: [mem 0x000000007fea6000-0x000000007feebfff]
[    0.004235] Initmem setup node 0 [mem 0x0000000000001000-0x000000007feebfff]
[    0.004247] On node 0, zone DMA: 1 pages in unavailable ranges
[    0.004252] On node 0, zone DMA: 96 pages in unavailable ranges
[    0.004252] On node 0, zone DMA: 8 pages in unavailable ranges
[    0.004253] On node 0, zone DMA: 1 pages in unavailable ranges
[    0.004258] On node 0, zone DMA: 239 pages in unavailable ranges
[    0.005184] On node 0, zone DMA32: 193 pages in unavailable ranges
[    0.005190] On node 0, zone DMA32: 786 pages in unavailable ranges
[    0.005190] On node 0, zone DMA32: 6 pages in unavailable ranges
[    0.005192] On node 0, zone DMA32: 276 pages in unavailable ranges
[    0.005766] ACPI: PM-Timer IO Port: 0x608
[    0.005782] ACPI: LAPIC_NMI (acpi_id[0xff] dfl dfl lint[0x1])
[    0.005834] IOAPIC[0]: apic_id 0, version 17, address 0xfec00000, GSI 0-23
[    0.005835] ACPI: INT_SRC_OVR (bus 0 bus_irq 0 global_irq 2 dfl dfl)
[    0.005836] ACPI: INT_SRC_OVR (bus 0 bus_irq 5 global_irq 5 high level)
[    0.005837] ACPI: INT_SRC_OVR (bus 0 bus_irq 9 global_irq 9 high level)
[    0.005838] ACPI: INT_SRC_OVR (bus 0 bus_irq 10 global_irq 10 high level)
[    0.005838] ACPI: INT_SRC_OVR (bus 0 bus_irq 11 global_irq 11 high level)
[    0.005840] ACPI: Using ACPI (MADT) for SMP configuration information
[    0.005841] ACPI: HPET id: 0x8086a201 base: 0xfed00000
[    0.005874] TSC deadline timer available
[    0.005877] CPU topo: Max. logical packages:   1
[    0.005877] CPU topo: Max. logical dies:       1
[    0.005878] CPU topo: Max. dies per package:   1
[    0.005880] CPU topo: Max. threads per core:   1
[    0.005880] CPU topo: Num. cores per package:     2
[    0.005880] CPU topo: Num. threads per package:   2
[    0.005881] CPU topo: Allowing 2 present CPUs plus 0 hotplug CPUs
[    0.005898] kvm-guest: APIC: eoi() replaced with kvm_guest_apic_eoi_write()
[    0.005923] kvm-guest: KVM setup pv remote TLB flush
[    0.005932] kvm-guest: setup PV sched yield
[    0.005942] PM: hibernation: Registered nosave memory: [mem 0x00000000-0x00000fff]
[    0.005944] PM: hibernation: Registered nosave memory: [mem 0x000a0000-0x000fffff]
[    0.005945] PM: hibernation: Registered nosave memory: [mem 0x00800000-0x00807fff]
[    0.005946] PM: hibernation: Registered nosave memory: [mem 0x0080b000-0x0080bfff]
[    0.005946] PM: hibernation: Registered nosave memory: [mem 0x00811000-0x008fffff]
[    0.005947] PM: hibernation: Registered nosave memory: [mem 0x7debd000-0x7dec5fff]
[    0.005948] PM: hibernation: Registered nosave memory: [mem 0x7ee3b000-0x7eefbfff]
[    0.005949] PM: hibernation: Registered nosave memory: [mem 0x7f8ed000-0x7fbfefff]
[    0.005950] PM: hibernation: Registered nosave memory: [mem 0x7fea0000-0x7fea5fff]
[    0.005951] [mem 0x80000000-0xdfffffff] available for PCI devices
[    0.005952] Booting paravirtualized kernel on KVM
[    0.005954] clocksource: refined-jiffies: mask: 0xffffffff max_cycles: 0xffffffff, max_idle_ns: 7645519600211568 ns
[    0.008576] setup_percpu: NR_CPUS:8192 nr_cpumask_bits:2 nr_cpu_ids:2 nr_node_ids:1
[    0.008676] percpu: Embedded 66 pages/cpu s233472 r8192 d28672 u1048576
[    0.008739] kvm-guest: PV spinlocks enabled
[    0.008740] PV qspinlock hash table entries: 256 (order: 0, 4096 bytes, linear)
[    0.008742] Kernel command line: BOOT_IMAGE=/vmlinuz root=/dev/vda2 ro console=tty1 console=ttyS0,115200
[    0.009047] Dentry cache hash table entries: 262144 (order: 9, 2097152 bytes, linear)
[    0.009079] Inode-cache hash table entries: 131072 (order: 8, 1048576 bytes, linear)
[    0.009119] Fallback order for Node 0: 0 
[    0.009121] Built 1 zonelists, mobility grouping on.  Total pages: 522682
[    0.009121] Policy zone: DMA32
[    0.009127] mem auto-init: stack:all(zero), heap alloc:on, heap free:off
[    0.011174] SLUB: HWalign=64, Order=0-3, MinObjects=0, CPUs=2, Nodes=1
[    0.011193] ftrace: allocating 45755 entries in 179 pages
[    0.018422] ftrace: allocated 179 pages with 5 groups
[    0.019016] Dynamic Preempt: voluntary
[    0.019909] rcu: Preemptible hierarchical RCU implementation.
[    0.019911] rcu: 	RCU restricting CPUs from NR_CPUS=8192 to nr_cpu_ids=2.
[    0.019912] 	Trampoline variant of Tasks RCU enabled.
[    0.019913] 	Rude variant of Tasks RCU enabled.
[    0.019913] 	Tracing variant of Tasks RCU enabled.
[    0.019914] rcu: RCU calculated value of scheduler-enlistment delay is 25 jiffies.
[    0.019914] rcu: Adjusting geometry for rcu_fanout_leaf=16, nr_cpu_ids=2
[    0.019921] RCU Tasks: Setting shift to 1 and lim to 1 rcu_task_cb_adjust=1 rcu_task_cpu_ids=2.
[    0.019922] RCU Tasks Rude: Setting shift to 1 and lim to 1 rcu_task_cb_adjust=1 rcu_task_cpu_ids=2.
[    0.019923] RCU Tasks Trace: Setting shift to 1 and lim to 1 rcu_task_cb_adjust=1 rcu_task_cpu_ids=2.
[    0.021740] NR_IRQS: 524544, nr_irqs: 440, preallocated irqs: 16
[    0.021975] rcu: srcu_init: Setting srcu_struct sizes based on contention.
[    0.022103] Console: colour dummy device 80x25
[    0.022105] printk: legacy console [tty1] enabled
[    0.022303] printk: legacy console [ttyS0] enabled
[    0.228666] ACPI: Core revision 20240827
[    0.229596] clocksource: hpet: mask: 0xffffffff max_cycles: 0xffffffff, max_idle_ns: 19112604467 ns
[    0.231379] APIC: Switch to symmetric I/O mode setup
[    0.232738] x2apic enabled
[    0.233719] APIC: Switched APIC routing to: physical x2apic
[    0.234747] kvm-guest: APIC: send_IPI_mask() replaced with kvm_send_ipi_mask()
[    0.236034] kvm-guest: APIC: send_IPI_mask_allbutself() replaced with kvm_send_ipi_mask_allbutself()
[    0.237586] kvm-guest: setup PV IPIs
[    0.240152] ..TIMER: vector=0x30 apic1=0 pin1=2 apic2=-1 pin2=-1
[    0.241200] clocksource: tsc-early: mask: 0xffffffffffffffff max_cycles: 0x3ddd559a7ce, max_idle_ns: 440795206692 ns
[    0.243002] Calibrating delay loop (skipped) preset value.. 8583.71 BogoMIPS (lpj=17167424)
[    0.247353] x86/cpu: User Mode Instruction Prevention (UMIP) activated
[    0.248789] Last level iTLB entries: 4KB 512, 2MB 255, 4MB 127
[    0.249782] Last level dTLB entries: 4KB 512, 2MB 255, 4MB 127, 1GB 0
[    0.250885] Spectre V1 : Mitigation: usercopy/swapgs barriers and __user pointer sanitization
[    0.251010] Spectre V2 : Mitigation: Retpolines
[    0.251904] Spectre V2 : Spectre v2 / SpectreRSB: Filling RSB on context switch and VMEXIT
[    0.253263] Spectre V2 : Enabling Restricted Speculation for firmware calls
[    0.255008] Spectre V2 : mitigation: Enabling conditional Indirect Branch Prediction Barrier
[    0.256429] Speculative Store Bypass: Mitigation: Speculative Store Bypass disabled via prctl
[    0.257906] Speculative Return Stack Overflow: IBPB-extending microcode not applied!
[    0.259002] Speculative Return Stack Overflow: WARNING: See https://kernel.org/doc/html/latest/admin-guide/hw-vuln/srso.html for mitigation options.
[    0.259004] active return thunk: srso_return_thunk
[    0.262084] Speculative Return Stack Overflow: Vulnerable: Safe RET, no microcode
[    0.263073] x86/fpu: Supporting XSAVE feature 0x001: 'x87 floating point registers'
[    0.264535] x86/fpu: Supporting XSAVE feature 0x002: 'SSE registers'
[    0.265774] x86/fpu: Supporting XSAVE feature 0x004: 'AVX registers'
[    0.266996] x86/fpu: Supporting XSAVE feature 0x020: 'AVX-512 opmask'
[    0.267003] x86/fpu: Supporting XSAVE feature 0x040: 'AVX-512 Hi256'
[    0.268341] x86/fpu: Supporting XSAVE feature 0x080: 'AVX-512 ZMM_Hi256'
[    0.269585] x86/fpu: xstate_offset[2]:  576, xstate_sizes[2]:  256
[    0.271001] x86/fpu: xstate_offset[5]:  832, xstate_sizes[5]:   64
[    0.272170] x86/fpu: xstate_offset[6]:  896, xstate_sizes[6]:  512
[    0.273343] x86/fpu: xstate_offset[7]: 1408, xstate_sizes[7]: 1024
[    0.274516] x86/fpu: Enabled xstate features 0xe7, context size is 2432 bytes, using 'compacted' format.
[    0.295181] Freeing SMP alternatives memory: 40K
[    0.296315] pid_max: default: 32768 minimum: 301
[    0.298104] LSM: initializing lsm=lockdown,capability,landlock,yama,apparmor,tomoyo,bpf,ipe,ima,evm
[    0.298996] landlock: Up and running.
[    0.298996] Yama: disabled by default; enable with sysctl kernel.yama.*
[    0.303158] AppArmor: AppArmor initialized
[    0.304105] TOMOYO Linux initialized
[    0.305098] LSM support for eBPF active
[    0.305972] Mount-cache hash table entries: 4096 (order: 3, 32768 bytes, linear)
[    0.307013] Mountpoint-cache hash table entries: 4096 (order: 3, 32768 bytes, linear)
[    0.309025] smpboot: CPU0: AMD Ryzen 9 9950X 16-Core Processor (family: 0x1a, model: 0x44, stepping: 0x0)
[    0.310996] Performance Events: Fam17h+ core perfctr, AMD PMU driver.
[    0.310996] ... version:                0
[    0.310996] ... bit width:              48
[    0.311008] ... generic registers:      6
[    0.311817] ... value mask:             0000ffffffffffff
[    0.312867] ... max period:             00007fffffffffff
[    0.313889] ... fixed-purpose events:   0
[    0.314681] ... event mask:             000000000000003f
[    0.315163] signal: max sigframe size: 3376
[    0.316096] rcu: Hierarchical SRCU implementation.
[    0.317007] rcu: 	Max phase no-delay instances is 1000.
[    0.318161] Timer migration: 1 hierarchy levels; 8 children per group; 1 crossnode level
[    0.322996] smp: Bringing up secondary CPUs ...
[    0.323177] smpboot: x86: Booting SMP configuration:
[    0.324136] .... node  #0, CPUs:      #1
[    0.324526] smp: Brought up 1 node, 2 CPUs
[    0.324747] smpboot: Total of 2 processors activated (17167.42 BogoMIPS)
[    0.328916] node 0 deferred pages initialised in 0ms
[    0.331035] Memory: 1964352K/2090728K available (16384K kernel code, 2497K rwdata, 11808K rodata, 4168K init, 4916K bss, 122320K reserved, 0K cma-reserved)
[    0.333863] devtmpfs: initialized
[    0.333863] x86/mm: Memory block size: 128MB
[    0.335052] ACPI: PM: Registering ACPI NVS region [mem 0x00800000-0x00807fff] (32768 bytes)
[    0.336655] ACPI: PM: Registering ACPI NVS region [mem 0x0080b000-0x0080bfff] (4096 bytes)
[    0.339038] ACPI: PM: Registering ACPI NVS region [mem 0x00811000-0x008fffff] (978944 bytes)
[    0.340691] ACPI: PM: Registering ACPI NVS region [mem 0x7fb7f000-0x7fbfefff] (524288 bytes)
[    0.342323] ACPI: PM: Registering ACPI NVS region [mem 0x7fea4000-0x7fea5fff] (8192 bytes)
[    0.343011] ACPI: PM: Registering ACPI NVS region [mem 0x7ff70000-0x7fffffff] (589824 bytes)
[    0.344711] clocksource: jiffies: mask: 0xffffffff max_cycles: 0xffffffff, max_idle_ns: 7645041785100000 ns
[    0.346572] futex hash table entries: 512 (order: 3, 32768 bytes, linear)
[    0.347108] pinctrl core: initialized pinctrl subsystem
[    0.348886] NET: Registered PF_NETLINK/PF_ROUTE protocol family
[    0.350174] DMA: preallocated 256 KiB GFP_KERNEL pool for atomic allocations
[    0.351402] DMA: preallocated 256 KiB GFP_KERNEL|GFP_DMA pool for atomic allocations
[    0.352861] DMA: preallocated 256 KiB GFP_KERNEL|GFP_DMA32 pool for atomic allocations
[    0.354370] audit: initializing netlink subsys (disabled)
[    0.355103] audit: type=2000 audit(1782939030.600:1): state=initialized audit_enabled=0 res=1
[    0.355258] thermal_sys: Registered thermal governor 'fair_share'
[    0.356722] thermal_sys: Registered thermal governor 'bang_bang'
[    0.357948] thermal_sys: Registered thermal governor 'step_wise'
[    0.357948] thermal_sys: Registered thermal governor 'user_space'
[    0.357948] thermal_sys: Registered thermal governor 'power_allocator'
[    0.359016] cpuidle: using governor ladder
[    0.363040] cpuidle: using governor menu
[    0.364890] efi: Freeing EFI boot services memory: 35616K
[    0.365281] acpiphp: ACPI Hot Plug PCI Controller Driver version: 0.5
[    0.367216] PCI: ECAM [mem 0xe0000000-0xefffffff] (base 0xe0000000) for domain 0000 [bus 00-ff]
[    0.368902] PCI: Using configuration type 1 for base access
[    0.371045] kprobes: kprobe jump-optimization is enabled. All kprobes are optimized if possible.
[    0.385917] HugeTLB: registered 1.00 GiB page size, pre-allocated 0 pages
[    0.385917] HugeTLB: 16380 KiB vmemmap can be freed for a 1.00 GiB page
[    0.385917] HugeTLB: registered 2.00 MiB page size, pre-allocated 0 pages
[    0.387013] HugeTLB: 28 KiB vmemmap can be freed for a 2.00 MiB page
[    0.391124] ACPI: Added _OSI(Module Device)
[    0.392185] ACPI: Added _OSI(Processor Device)
[    0.393068] ACPI: Added _OSI(Processor Aggregator Device)
[    0.393068] ACPI: 1 ACPI AML tables successfully acquired and loaded
[    0.395195] ACPI: Interpreter enabled
[    0.395952] ACPI: PM: (supports S0 S3 S4 S5)
[    0.395952] ACPI: Using IOAPIC for interrupt routing
[    0.395960] PCI: Using host bridge windows from ACPI; if necessary, use "pci=nocrs" and report a bug
[    0.397708] PCI: Ignoring E820 reservations for host bridge windows
[    0.398996] ACPI: Enabled 2 GPEs in block 00 to 3F
[    0.401264] ACPI: PCI Root Bridge [PCI0] (domain 0000 [bus 00-ff])
[    0.402734] acpi PNP0A08:00: _OSC: OS supports [ExtendedConfig ASPM ClockPM Segments MSI HPX-Type3]
[    0.407060] acpi PNP0A08:00: _OSC: platform does not support [PCIeHotplug LTR]
[    0.408514] acpi PNP0A08:00: _OSC: OS now controls [SHPCHotplug PME AER PCIeCapability]
[    0.410251] PCI host bridge to bus 0000:00
[    0.411039] pci_bus 0000:00: root bus resource [io  0x0000-0x0cf7 window]
[    0.412412] pci_bus 0000:00: root bus resource [io  0x0d00-0xffff window]
[    0.413700] pci_bus 0000:00: root bus resource [mem 0x000a0000-0x000bffff window]
[    0.414996] pci_bus 0000:00: root bus resource [mem 0x80000000-0xdfffffff window]
[    0.415010] pci_bus 0000:00: root bus resource [mem 0xf0000000-0xfebfffff window]
[    0.416410] pci_bus 0000:00: root bus resource [mem 0x380000000000-0x3807ffffffff window]
[    0.418043] pci_bus 0000:00: root bus resource [bus 00-ff]
[    0.419141] pci 0000:00:00.0: [8086:29c0] type 00 class 0x060000 conventional PCI endpoint
[    0.421564] pci 0000:00:01.0: [1234:1111] type 00 class 0x030000 conventional PCI endpoint
[    0.423693] pci 0000:00:01.0: BAR 0 [mem 0x80000000-0x80ffffff pref]
[    0.427648] pci 0000:00:01.0: BAR 2 [mem 0x81043000-0x81043fff]
[    0.434776] pci 0000:00:01.0: ROM [mem 0xffff0000-0xffffffff pref]
[    0.439142] pci 0000:00:01.0: Video device with shadowed ROM at [mem 0x000c0000-0x000dffff]
[    0.441367] pci 0000:00:02.0: [1af4:1000] type 00 class 0x020000 conventional PCI endpoint
[    0.443433] pci 0000:00:02.0: BAR 0 [io  0x60e0-0x60ff]
[    0.445389] pci 0000:00:02.0: BAR 1 [mem 0x81042000-0x81042fff]
[    0.449276] pci 0000:00:02.0: BAR 4 [mem 0x380000000000-0x380000003fff 64bit pref]
[    0.451010] pci 0000:00:02.0: ROM [mem 0xfffc0000-0xffffffff pref]
[    0.453536] pci 0000:00:03.0: [1af4:1001] type 00 class 0x010000 conventional PCI endpoint
[    0.455660] pci 0000:00:03.0: BAR 0 [io  0x6000-0x607f]
[    0.458254] pci 0000:00:03.0: BAR 1 [mem 0x81041000-0x81041fff]
[    0.461297] pci 0000:00:03.0: BAR 4 [mem 0x380000004000-0x380000007fff 64bit pref]
[    0.464787] pci 0000:00:1f.0: [8086:2918] type 00 class 0x060100 conventional PCI endpoint
[    0.466996] pci 0000:00:1f.0: quirk: [io  0x0600-0x067f] claimed by ICH6 ACPI/GPIO/TCO
[    0.467489] pci 0000:00:1f.2: [8086:2922] type 00 class 0x010601 conventional PCI endpoint
[    0.471955] pci 0000:00:1f.2: BAR 4 [io  0x60c0-0x60df]
[    0.473599] pci 0000:00:1f.2: BAR 5 [mem 0x81040000-0x81040fff]
[    0.475641] pci 0000:00:1f.3: [8086:2930] type 00 class 0x0c0500 conventional PCI endpoint
[    0.479008] pci 0000:00:1f.3: BAR 4 [io  0x6080-0x60bf]
[    0.484098] ACPI: PCI: Interrupt link LNKA configured for IRQ 10
[    0.485439] ACPI: PCI: Interrupt link LNKB configured for IRQ 10
[    0.486697] ACPI: PCI: Interrupt link LNKC configured for IRQ 11
[    0.487118] ACPI: PCI: Interrupt link LNKD configured for IRQ 11
[    0.488505] ACPI: PCI: Interrupt link LNKE configured for IRQ 10
[    0.489702] ACPI: PCI: Interrupt link LNKF configured for IRQ 10
[    0.490996] ACPI: PCI: Interrupt link LNKG configured for IRQ 11
[    0.495114] ACPI: PCI: Interrupt link LNKH configured for IRQ 11
[    0.496319] ACPI: PCI: Interrupt link GSIA configured for IRQ 16
[    0.497505] ACPI: PCI: Interrupt link GSIB configured for IRQ 17
[    0.498696] ACPI: PCI: Interrupt link GSIC configured for IRQ 18
[    0.499021] ACPI: PCI: Interrupt link GSID configured for IRQ 19
[    0.500158] ACPI: PCI: Interrupt link GSIE configured for IRQ 20
[    0.501432] ACPI: PCI: Interrupt link GSIF configured for IRQ 21
[    0.502609] ACPI: PCI: Interrupt link GSIG configured for IRQ 22
[    0.503024] ACPI: PCI: Interrupt link GSIH configured for IRQ 23
[    0.504658] iommu: Default domain type: Translated
[    0.507007] iommu: DMA domain TLB invalidation policy: lazy mode
[    0.508344] pps_core: LinuxPPS API ver. 1 registered
[    0.509296] pps_core: Software ver. 5.3.6 - Copyright 2005-2007 Rodolfo Giometti <giometti@linux.it>
[    0.510996] PTP clock support registered
[    0.511019] EDAC MC: Ver: 3.0.0
[    0.511939] efivars: Registered efivars operations
[    0.511994] NetLabel: Initializing
[    0.511994] NetLabel:  domain hash size = 128
[    0.512786] NetLabel:  protocols = UNLABELED CIPSOv4 CALIPSO
[    0.515027] NetLabel:  unlabeled traffic allowed by default
[    0.516137] PCI: Using ACPI for IRQ routing
[    0.621647] pci 0000:00:01.0: vgaarb: setting as boot VGA device
[    0.621647] pci 0000:00:01.0: vgaarb: bridge control possible
[    0.621647] pci 0000:00:01.0: vgaarb: VGA device added: decodes=io+mem,owns=io+mem,locks=none
[    0.623008] vgaarb: loaded
[    0.623626] hpet0: at MMIO 0xfed00000, IRQs 2, 8, 0
[    0.624601] hpet0: 3 comparators, 64-bit 100.000000 MHz counter
[    0.629342] clocksource: Switched to clocksource kvm-clock
[    0.630996] VFS: Disk quotas dquot_6.6.0
[    0.630996] VFS: Dquot-cache hash table entries: 512 (order 0, 4096 bytes)
[    0.631667] AppArmor: AppArmor Filesystem Enabled
[    0.632609] pnp: PnP ACPI init
[    0.633438] system 00:05: [mem 0xe0000000-0xefffffff window] has been reserved
[    0.635061] pnp: PnP ACPI: found 6 devices
[    0.643052] clocksource: acpi_pm: mask: 0xffffff max_cycles: 0xffffff, max_idle_ns: 2085701024 ns
[    0.644971] NET: Registered PF_INET protocol family
[    0.646052] IP idents hash table entries: 32768 (order: 6, 262144 bytes, linear)
[    0.655236] tcp_listen_portaddr_hash hash table entries: 1024 (order: 2, 16384 bytes, linear)
[    0.656888] Table-perturb hash table entries: 65536 (order: 6, 262144 bytes, linear)
[    0.658464] TCP established hash table entries: 16384 (order: 5, 131072 bytes, linear)
[    0.660029] TCP bind hash table entries: 16384 (order: 7, 524288 bytes, linear)
[    0.661425] TCP: Hash tables configured (established 16384 bind 16384)
[    0.663397] MPTCP token hash table entries: 2048 (order: 4, 49152 bytes, linear)
[    0.664894] UDP hash table entries: 1024 (order: 3, 32768 bytes, linear)
[    0.666224] UDP-Lite hash table entries: 1024 (order: 3, 32768 bytes, linear)
[    0.667651] NET: Registered PF_UNIX/PF_LOCAL protocol family
[    0.668765] NET: Registered PF_XDP protocol family
[    0.669697] pci 0000:00:02.0: ROM [mem 0xfffc0000-0xffffffff pref]: can't claim; no compatible bridge window
[    0.671596] pci 0000:00:02.0: ROM [mem 0x81000000-0x8103ffff pref]: assigned
[    0.672983] pci_bus 0000:00: resource 4 [io  0x0000-0x0cf7 window]
[    0.674194] pci_bus 0000:00: resource 5 [io  0x0d00-0xffff window]
[    0.675446] pci_bus 0000:00: resource 6 [mem 0x000a0000-0x000bffff window]
[    0.676755] pci_bus 0000:00: resource 7 [mem 0x80000000-0xdfffffff window]
[    0.678377] pci_bus 0000:00: resource 8 [mem 0xf0000000-0xfebfffff window]
[    0.679692] pci_bus 0000:00: resource 9 [mem 0x380000000000-0x3807ffffffff window]
[    0.681302] PCI: CLS 0 bytes, default 64
[    0.682212] clocksource: tsc: mask: 0xffffffffffffffff max_cycles: 0x3ddd559a7ce, max_idle_ns: 440795206692 ns
[    0.682266] Trying to unpack rootfs image as initramfs...
[    0.685519] Initialise system trusted keyrings
[    0.686416] Key type blacklist registered
[    0.687361] workingset: timestamp_bits=36 max_order=19 bucket_order=0
[    0.688643] zbud: loaded
[    0.689415] fuse: init (API version 7.41)
[    0.690410] integrity: Platform Keyring initialized
[    0.691389] integrity: Machine keyring initialized
[    0.701433] Key type asymmetric registered
[    0.702235] Asymmetric key parser 'x509' registered
[    0.716872] Freeing initrd memory: 4116K
[    0.718578] Block layer SCSI generic (bsg) driver version 0.4 loaded (major 246)
[    0.720177] io scheduler mq-deadline registered
[    0.722279] ledtrig-cpu: registered to indicate activity on CPUs
[    0.723514] shpchp: Standard Hot Plug PCI Controller Driver version: 0.4
[    0.725801] ACPI: \_SB_.GSIG: Enabled at IRQ 22
[    0.728304] ACPI: \_SB_.GSIH: Enabled at IRQ 23
[    0.730628] Serial: 8250/16550 driver, 4 ports, IRQ sharing enabled
[    0.732465] 00:03: ttyS0 at I/O 0x3f8 (irq = 4, base_baud = 115200) is a 16550A
[    0.734905] Linux agpgart interface v0.103
[    0.736235] i8042: PNP: PS/2 Controller [PNP0303:KBD,PNP0f13:MOU] at 0x60,0x64 irq 1,12
[    0.739094] serio: i8042 KBD port at 0x60,0x64 irq 1
[    0.740083] serio: i8042 AUX port at 0x60,0x64 irq 12
[    0.741511] mousedev: PS/2 mouse device common for all mice
[    0.743541] input: AT Translated Set 2 keyboard as /devices/platform/i8042/serio0/input/input0
[    0.745411] rtc_cmos 00:04: RTC can wake from S4
[    0.747750] rtc_cmos 00:04: registered as rtc0
[    0.748783] rtc_cmos 00:04: setting system clock to 2026-07-01T20:50:30 UTC (1782939030)
[    0.750479] rtc_cmos 00:04: alarms up to one day, y3k, 242 bytes nvram
[    0.751808] amd_pstate: The CPPC feature is supported but currently disabled by the BIOS.
[    0.751808] Please enable it if your BIOS has the CPPC option.
[    0.754480] amd_pstate: the _CPC object is not present in SBIOS or ACPI disabled
[    0.756104] efifb: probing for efifb
[    0.756804] efifb: framebuffer at 0x80000000, using 4000k, total 4000k
[    0.758218] efifb: mode is 1280x800x32, linelength=5120, pages=1
[    0.759352] efifb: scrolling: redraw
[    0.760080] efifb: Truecolor: size=8:8:8:8, shift=24:16:8:0
[    0.767338] Console: switching to colour frame buffer device 160x50
[    0.768796] fb0: EFI VGA frame buffer device
[    0.769773] NET: Registered PF_INET6 protocol family
[    0.771642] Segment Routing with IPv6
[    0.772408] In-situ OAM (IOAM) with IPv6
[    0.773269] mip6: Mobile IPv6
[    0.773898] NET: Registered PF_PACKET protocol family
[    0.774917] mpls_gso: MPLS GSO support
[    0.776030] IPI shorthand broadcast: enabled
[    0.778733] sched_clock: Marking stable (564350349, 213011711)->(826555005, -49192945)
[    0.780554] registered taskstats version 1
[    0.781549] Loading compiled-in X.509 certificates
[    0.792440] Loaded X.509 cert 'Build time autogenerated kernel key: c0465b454d7244ca794594a976706ef7873df5fb'
[    0.796523] Demotion targets for Node 0: null
[    0.797585] Key type .fscrypt registered
[    0.798356] Key type fscrypt-provisioning registered
[    0.800624] Key type encrypted registered
[    0.801481] AppArmor: AppArmor sha256 policy hashing enabled
[    0.802723] ima: No TPM chip found, activating TPM-bypass!
[    0.803801] ima: Allocated hash algorithm: sha256
[    0.805034] ima: No architecture policies found
[    0.806160] evm: Initialising EVM extended attributes:
[    0.807145] evm: security.selinux
[    0.807821] evm: security.SMACK64 (disabled)
[    0.808686] evm: security.SMACK64EXEC (disabled)
[    0.809574] evm: security.SMACK64TRANSMUTE (disabled)
[    0.810701] evm: security.SMACK64MMAP (disabled)
[    0.811697] evm: security.apparmor
[    0.812547] evm: security.ima
[    0.813251] evm: security.capability
[    0.814097] evm: HMAC attrs: 0x1
[    0.816446] RAS: Correctable Errors collector initialized.
[    0.820541] clk: Disabling unused clocks
[    0.821592] PM: genpd: Disabling unused power domains
[    0.825638] Freeing unused decrypted memory: 2028K
[    0.826780] Freeing unused kernel image (initmem) memory: 4168K
[    0.827710] Write protecting the kernel read-only data: 28672k
[    0.829000] Freeing unused kernel image (rodata/data gap) memory: 480K
[    0.888498] x86/mm: Checked W+X mappings: passed, no W+X pages found.
[    0.889589] Run /init as init process
[    0.892751] [disk-init] root=/dev/vda2 rootfstype=ext4
[    0.893624] [disk-init] loading kernel modules
[    0.894749] [disk-init] modprobe virtio missing/failed (ok)
[    0.896035] [disk-init] modprobe virtio_ring missing/failed (ok)
[    0.897298] [disk-init] modprobe virtio_pci missing/failed (ok)
[    0.898721] [disk-init] modprobe virtio_pci_modern_dev missing/failed (ok)
[    0.900537] [disk-init] modprobe virtio_pci_legacy_dev missing/failed (ok)
[    0.904971] virtio_blk virtio1: 2/0/0 default/read/poll queues
[    0.907108] virtio_blk virtio1: [vda] 16777216 512-byte logical blocks (8.59 GB/8.00 GiB)
[    0.910356]  vda: vda1 vda2
[    0.911253] [disk-init] modprobe virtio_blk ok
[    0.922341] SCSI subsystem initialized
[    0.925763] [disk-init] modprobe virtio_scsi ok
[    0.926894] [disk-init] modprobe scsi_mod ok
[    0.931459] [disk-init] modprobe sd_mod ok
[    0.946791] [disk-init] modprobe ata_piix ok
[    0.953770] ACPI: \_SB_.GSIA: Enabled at IRQ 16
[    0.955536] ahci 0000:00:1f.2: AHCI vers 0001.0000, 32 command slots, 1.5 Gbps, SATA mode
[    0.956671] ahci 0000:00:1f.2: 6/6 ports implemented (port mask 0x3f)
[    0.957662] ahci 0000:00:1f.2: flags: 64bit ncq only 
[    0.960053] scsi host0: ahci
[    0.960857] scsi host1: ahci
[    0.961596] scsi host2: ahci
[    0.962385] scsi host3: ahci
[    0.963149] scsi host4: ahci
[    0.963920] scsi host5: ahci
[    0.964525] ata1: SATA max UDMA/133 abar m4096@0x81040000 port 0x81040100 irq 27 lpm-pol 1
[    0.965808] ata2: SATA max UDMA/133 abar m4096@0x81040000 port 0x81040180 irq 27 lpm-pol 1
[    0.966938] ata3: SATA max UDMA/133 abar m4096@0x81040000 port 0x81040200 irq 27 lpm-pol 1
[    0.968043] ata4: SATA max UDMA/133 abar m4096@0x81040000 port 0x81040280 irq 27 lpm-pol 1
[    0.969240] ata5: SATA max UDMA/133 abar m4096@0x81040000 port 0x81040300 irq 27 lpm-pol 1
[    0.970394] ata6: SATA max UDMA/133 abar m4096@0x81040000 port 0x81040380 irq 27 lpm-pol 1
[    1.293891] ata3: SATA link up 1.5 Gbps (SStatus 113 SControl 300)
[    1.295309] ata4: SATA link down (SStatus 0 SControl 300)
[    1.296445] ata5: SATA link down (SStatus 0 SControl 300)
[    1.297516] ata2: SATA link down (SStatus 0 SControl 300)
[    1.298377] ata3.00: LPM support broken, forcing max_power
[    1.299193] ata3.00: ATAPI: QEMU DVD-ROM, 2.5+, max UDMA/100
[    1.300036] ata3.00: applying bridge limits
[    1.300928] ata6: SATA link down (SStatus 0 SControl 300)
[    1.302003] ata1: SATA link down (SStatus 0 SControl 300)
[    1.303020] ata3.00: LPM support broken, forcing max_power
[    1.303878] ata3.00: configured for UDMA/100
[    1.305092] scsi 2:0:0:0: CD-ROM            QEMU     QEMU DVD-ROM     2.5+ PQ: 0 ANSI: 5
[    1.342717] [disk-init] modprobe ahci ok
[    1.344348] [disk-init] modprobe nvme missing/failed (ok)
[    1.345619] [disk-init] modprobe nvme_core missing/failed (ok)
[    1.348822] [disk-init] modprobe crc32c_generic ok
[    1.352066] [disk-init] modprobe crc32c-intel ok
[    1.360226] device-mapper: core: CONFIG_IMA_DISABLE_HTABLE is disabled. Duplicate IMA measurements will not be recorded in the IMA log.
[    1.361935] device-mapper: uevent: version 1.0.3
[    1.362816] device-mapper: ioctl: 4.48.0-ioctl (2023-03-01) initialised: dm-devel@lists.linux.dev
[    1.364188] [disk-init] modprobe dm_mod ok
[    1.368296] [disk-init] modprobe dm_crypt ok
[    1.415054] [disk-init] modprobe ext4 ok
[    1.422979] [disk-init] modprobe vfat ok
[    1.425951] [disk-init] modprobe nls_cp437 ok
[    1.428850] [disk-init] modprobe nls_utf8 ok
[    1.431737] [disk-init] modprobe nls_ascii ok
[    1.450822] ACPI: bus type drm_connector registered
[    1.451970] [disk-init] modprobe drm ok
[    1.460313] [disk-init] modprobe drm_kms_helper ok
[    1.470895] [disk-init] modprobe virtio-gpu ok
[    1.482603] [disk-init] modprobe qxl ok
[    1.488512] Console: switching to colour dummy device 80x25
[    1.489231] bochs-drm 0000:00:01.0: vgaarb: deactivate vga console
[    1.490241] [drm] Found bochs VGA, ID 0xb0c5.
[    1.490771] [drm] Framebuffer size 16384 kB @ 0x80000000, mmio @ 0x81043000.
[    1.493884] [drm] Found EDID data blob.
[    1.494559] [drm] Initialized bochs-drm 1.0.0 for 0000:00:01.0 on minor 0
[    1.495878] fbcon: bochs-drmdrmfb (fb0) is primary device
[    1.977548] Console: switching to colour frame buffer device 160x50
[    1.979314] bochs-drm 0000:00:01.0: [drm] fb0: bochs-drmdrmfb frame buffer device
[    1.993765] [disk-init] modprobe bochs ok
[    3.012051] [disk-init] mounting /dev/vda2 at /newroot
[    3.073392] EXT4-fs (vda2): orphan cleanup on readonly fs
[    3.074335] EXT4-fs (vda2): mounted filesystem 2071b19c-da6a-4032-86b8-676c15860080 ro with ordered data mode. Quota mode: none.
[    3.084271] Not activating Mandatory Access Control as /sbin/tomoyo-init does not exist.
[0;1;31mFailed to find module 'autofs4'[0m
[6n[32766;32766H[6n[!p]104[?7hsystemd 257 running in system mode (-PAM -AUDIT -SELINUX -APPARMOR +IMA +IPE +SMACK +SECCOMP -GCRYPT -GNUTLS +OPENSSL +ACL +BLKID -CURL -ELFUTILS -FIDO2 -IDN2 -IDN -IPTC +KMOD -LIBCRYPTSETUP -LIBCRYPTSETUP_PLUGINS +LIBFDISK -PCRE2 -PWQUALITY -P11KIT -QRENCODE -TPM2 -BZIP2 -LZ4 -XZ +ZLIB -ZSTD -BPF_FRAMEWORK -BTF -XKBCOMMON +UTMP +SYSVINIT -LIBARCHIVE)
Detected virtualization docker.
Detected architecture x86-64.

[0;1;39mWelcome to [0m[1mReproOS[0m[0;1;39m![0m

Hostname set to <reproos-smoke>.
Queued start job for default target Graphical Interface.
[[0;32m  OK  [0m] Created slice [0;1;39mSlice /system/getty[0m.
[[0;32m  OK  [0m] Created slice [0;1;39mSlice /system/modprobe[0m.
[[0;32m  OK  [0m] Created slice [0;1;39mSlice /system/serial-getty[0m.
[[0;32m  OK  [0m] Created slice [0;1;39mSlice /system/systemd-fsck[0m.
[[0;32m  OK  [0m] Created slice [0;1;39mUser and Session Slice[0m.
[[0;32m  OK  [0m] Started [0;1;39mDispatch Password Requests to Console Directory Watch[0m.
[[0;32m  OK  [0m] Started [0;1;39mForward Password Requests to Wall Directory Watch[0m.
[[0;1;38:5:185mUNSUPP[0m] Starting of [0;1;39mArbitrary Executable F…System Automount Point[0m unsupported.
         Expecting device [0;1;39m/dev/ttyS0[0m...
         Expecting device [0;1;39m/dev/vda1[0m...
[[0;32m  OK  [0m] Reached target [0;1;39mPath Units[0m.
[[0;32m  OK  [0m] Reached target [0;1;39mRemote File Systems[0m.
[[0;32m  OK  [0m] Reached target [0;1;39mSlice Units[0m.
[[0;32m  OK  [0m] Reached target [0;1;39mSwaps[0m.
[[0;32m  OK  [0m] Listening on [0;1;39mDevice-mapper event daemon FIFOs[0m.
[[0;32m  OK  [0m] Listening on [0;1;39mLVM2 poll daemon socket[0m.
[[0;32m  OK  [0m] Listening on [0;1;39mCredential Encryption/Decryption[0m.
[[0;32m  OK  [0m] Listening on [0;1;39minitctl Compatibility Named Pipe[0m.
[[0;32m  OK  [0m] Listening on [0;1;39mJournal Socket (/dev/log)[0m.
[[0;32m  OK  [0m] Listening on [0;1;39mJournal Sockets[0m.
[[0;32m  OK  [0m] Listening on [0;1;39mudev Control Socket[0m.
[[0;32m  OK  [0m] Listening on [0;1;39mudev Kernel Socket[0m.
         Mounting [0;1;39mHuge Pages File System[0m...
         Mounting [0;1;39mPOSIX Message Queue File System[0m...
         Mounting [0;1;39mLegacy Locks Directory /run/lock[0m...
         Mounting [0;1;39mKernel Debug File System[0m...
         Mounting [0;1;39mKernel Trace File System[0m...
         Mounting [0;1;39mTemporary Directory /tmp[0m...
         Starting [0;1;39mAvailability of block devices[0m...
         Starting [0;1;39mSet the console keyboard layout[0m...
         Starting [0;1;39mMonitoring of LVM2 mirror…ing dmeventd or progress polling[0m...
         Starting [0;1;39mLoad Kernel Module configfs[0m...
         Starting [0;1;39mLoad Kernel Module drm[0m...
[    3.705591] (modprobe)[225]: modprobe@configfs.service: Unable to locate executable '/sbin/modprobe': No such file or directory
[    3.711151] (modprobe)[227]: modprobe@drm.service: Unable to locate executable '/sbin/modprobe': No such file or directory
         Starting [0;1;39mLoad Kernel Module efi_pstore[0m...
[    3.720811] (modprobe)[231]: modprobe@efi_pstore.service: Unable to locate executable '/sbin/modprobe': No such file or directory
[    3.722532] (modprobe)[232]: modprobe@fuse.service: Unable to locate executable '/sbin/modprobe': No such file or directory
         Starting [0;1;39mLoad Kernel Module fuse[0m...
         Starting [0;1;39mFile System Check on Root Device[0m...
         Starting [0;1;39mJournal Service[0m...
         Starting [0;1;39mLoad Kernel Modules[0m...
         Starting [0;1;39mCreate Static Device Nodes in /dev gracefully[0m...
         Starting [0;1;39mLoad udev Rules from Credentials[0m...
         Starting [0;1;39mColdplug All udev Devices[0m...
[[0;32m  OK  [0m] Mounted [0;1;39mHuge Pages File System[0m.
[[0;32m  OK  [0m] Mounted [0;1;39mPOSIX Message Queue File System[0m.
[[0;32m  OK  [0m] Mounted [0;1;39mLegacy Locks Directory /run/lock[0m.
[[0;32m  OK  [0m] Mounted [0;1;39mKernel Debug File System[0m.
[[0;32m  OK  [0m] Mounted [0;1;39mKernel Trace File System[0m.
[[0;32m  OK  [0m] Mounted [0;1;39mTemporary Directory /tmp[0m.
[[0;32m  OK  [0m] Finished [0;1;39mAvailability of block devices[0m.
[[0;32m  OK  [0m] Finished [0;1;39mSet the console keyboard layout[0m.
[[0;32m  OK  [0m] Finished [0;1;39mMonitoring of LVM2 mirror…using dmeventd or progress polling[0m.
modprobe@configfs.service: Deactivated successfully.
[[0;32m  OK  [0m] Finished [0;1;39mLoad Kernel Module configfs[0m.
modprobe@drm.service: Deactivated successfully.
[[0;32m  OK  [0m] Finished [0;1;39mLoad Kernel Module drm[0m.
modprobe@efi_pstore.service: Deactivated successfully.
[[0;32m  OK  [0m] Finished [0;1;39mLoad Kernel Module efi_pstore[0m.
modprobe@fuse.service: Deactivated successfully.
[[0;32m  OK  [0m] Finished [0;1;39mLoad Kernel Module fuse[0m.
[[0;32m  OK  [0m] Finished [0;1;39mLoad udev Rules from Credentials[0m.
         Mounting [0;1;39mFUSE Control File System[0m...
[[0;32m  OK  [0m] Mounted [0;1;39mFUSE Control File System[0m.
[[0;32m  OK  [0m] Finished [0;1;39mLoad Kernel Modules[0m.
[    3.782716] systemd-journald[234]: Collecting audit messages is disabled.
         Starting [0;1;39mApply Kernel Variables[0m...
[[0;32m  OK  [0m] Finished [0;1;39mCreate Static Device Nodes in /dev gracefully[0m.
[[0;32m  OK  [0m] Finished [0;1;39mFile System Check on Root Device[0m.
         Starting [0;1;39mRemount Root and Kernel File Systems[0m...
[[0;32m  OK  [0m] Started [0;1;39mJournal Service[0m.
[[0;32m  OK  [0m] Finished [0;1;39mApply Kernel Variables[0m.
[[0;32m  OK  [0m] Finished [0;1;39mColdplug All udev Devices[0m.
[    3.895540] EXT4-fs (vda2): re-mounted 2071b19c-da6a-4032-86b8-676c15860080 r/w.
[[0;32m  OK  [0m] Finished [0;1;39mRemount Root and Kernel File Systems[0m.
         Starting [0;1;39mFlush Journal to Persistent Storage[0m...
         Starting [0;1;39mCreate System Users[0m...
[    3.927053] systemd-journald[234]: Received client request to flush runtime journal.
[[0;32m  OK  [0m] Finished [0;1;39mCreate System Users[0m.
         Starting [0;1;39mCreate Static Device Nodes in /dev[0m...
[[0;32m  OK  [0m] Finished [0;1;39mCreate Static Device Nodes in /dev[0m.
[[0;32m  OK  [0m] Reached target [0;1;39mPreparation for Local File Systems[0m.
         Starting [0;1;39mRule-based Manager for Device Events and Files[0m...
[[0;32m  OK  [0m] Finished [0;1;39mFlush Journal to Persistent Storage[0m.
[[0;32m  OK  [0m] Started [0;1;39mRule-based Manager for Device Events and Files[0m.
[[0;32m  OK  [0m] Found device [0;1;39m/dev/ttyS0[0m.
[[0;32m  OK  [0m] Found device [0;1;39m/dev/vda1[0m.
         Starting [0;1;39mFile System Check on /dev/vda1[0m...
[[0;32m  OK  [0m] Finished [0;1;39mFile System Check on /dev/vda1[0m.
         Mounting [0;1;39m/boot[0m...
[[0;32m  OK  [0m] Mounted [0;1;39m/boot[0m.
[[0;32m  OK  [0m] Reached target [0;1;39mLocal File Systems[0m.
[[0;32m  OK  [0m] Listening on [0;1;39mSystem Extension Image Management[0m.
         Starting [0;1;39mSet console font and keymap[0m...
         Starting [0;1;39mCreate System Files and Directories[0m...
[[0;32m  OK  [0m] Finished [0;1;39mCreate System Files and Directories[0m.
         Starting [0;1;39mRebuild Dynamic Linker Cache[0m...
         Starting [0;1;39mRebuild Journal Catalog[0m...
[[0;32m  OK  [0m] Finished [0;1;39mRebuild Journal Catalog[0m.
[[0;32m  OK  [0m] Finished [0;1;39mSet console font and keymap[0m.
[[0;32m  OK  [0m] Finished [0;1;39mRebuild Dynamic Linker Cache[0m.
         Starting [0;1;39mUpdate is Completed[0m...
[[0;32m  OK  [0m] Finished [0;1;39mUpdate is Completed[0m.
[[0;32m  OK  [0m] Reached target [0;1;39mSystem Initialization[0m.
[[0;32m  OK  [0m] Started [0;1;39mDaily apt download activities[0m.
[[0;32m  OK  [0m] Started [0;1;39mDaily apt upgrade and clean activities[0m.
[[0;32m  OK  [0m] Started [0;1;39mDaily dpkg database backup timer[0m.
[[0;32m  OK  [0m] Started [0;1;39mDaily Cleanup of Temporary Directories[0m.
[[0;32m  OK  [0m] Reached target [0;1;39mTimer Units[0m.
[[0;32m  OK  [0m] Listening on [0;1;39mD-Bus System Message Bus Socket[0m.
[[0;32m  OK  [0m] Listening on [0;1;39mHostname Service Socket[0m.
[[0;32m  OK  [0m] Reached target [0;1;39mSocket Units[0m.
[[0;32m  OK  [0m] Reached target [0;1;39mBasic System[0m.
[[0;32m  OK  [0m] Started [0;1;39mD-Bus System Message Bus[0m.
         Starting [0;1;39mRecord successful boot for GRUB[0m...
         Starting [0;1;39mUser Login Management[0m...
         Starting [0;1;39mPermit User Sessions[0m...
[[0;32m  OK  [0m] Finished [0;1;39mPermit User Sessions[0m.
[[0;32m  OK  [0m] Started [0;1;39mConsole Getty[0m.
[[0;32m  OK  [0m] Started [0;1;39mSerial Getty on ttyS0[0m.
[[0;32m  OK  [0m] Reached target [0;1;39mLogin Prompts[0m.
[[0;32m  OK  [0m] Started [0;1;39mUser Login Management[0m.
[[0;32m  OK  [0m] Started [0;1;39mSimple Desktop Display Manager[0m.
[[0;32m  OK  [0m] Finished [0;1;39mRecord successful boot for GRUB[0m.
[[0;32m  OK  [0m] Reached target [0;1;39mMulti-User System[0m.
[[0;32m  OK  [0m] Reached target [0;1;39mGraphical Interface[0m.
[!p]104[?7h[6n[32766;32766H[6n[!p]104[?7h[6n[32766;32766H[6n
Debian GNU/Linux 13 reproos-smoke ttyS0

reproos-smoke login: root (automatic login)

Linux reproos-smoke 6.12.86+deb13-amd64 #1 SMP PREEMPT_DYNAMIC Debian 6.12.86-1 (2026-05-08) x86_64

The programs included with the Debian GNU/Linux system are free software;
the exact distribution terms for each program are described in the
individual files in /usr/share/doc/*/copyright.

Debian GNU/Linux comes with ABSOLUTELY NO WARRANTY, to the extent
permitted by applicable law.
[?2004hroot@reproos-smoke:~# 